{"label":"database","level":"debug","message":"Executing (default): SELECT 1+1 AS result","timestamp":"2026-05-02 00:00:17"}
{"label":"database","level":"debug","message":"Executing (default): SELECT 1+1 AS result","timestamp":"2026-05-02 00:00:32"}
{"label":"database","level":"debug","message":"Executing (default): SELECT 1+1 AS result","timestamp":"2026-05-02 00:02:17"}
{"label":"database","level":"debug","message":"Executing (default): SELECT 1+1 AS result","timestamp":"2026-05-02 00:05:16"}
{"label":"database","level":"debug","message":"Executing (default): SELECT 1+1 AS result","timestamp":"2026-05-02 00:06:14"}
{"label":"database","level":"debug","message":"Executing (default): SELECT 1+1 AS result","timestamp":"2026-05-02 00:07:33"}
{"label":"database","level":"debug","message":"Executing (default): SELECT 1+1 AS result","timestamp":"2026-05-02 00:08:17"}
{"label":"database","level":"debug","message":"Executing (default): SELECT 1+1 AS result","timestamp":"2026-05-02 00:08:47"}
{"label":"database","level":"debug","message":"Executing (default): SELECT id, full_name, email, role, created_at FROM users WHERE id = '9b1debb1-5e18-45f2-9a9b-2873d494a54b' LIMIT 1","timestamp":"2026-05-02 00:10:19"}
{"label":"database","level":"debug","message":"Executing (b4555c90-d9a2-4810-913d-1bb7bc9214e7): START TRANSACTION;","timestamp":"2026-05-02 00:10:19"}
{"label":"database","level":"debug","message":"Executing (b4555c90-d9a2-4810-913d-1bb7bc9214e7): SELECT\n  id,\n  name,\n  lat,\n  lng,\n  radius,\n  office_address,\n  distance_threshold,\n  time_interval_ms,\n  polling_interval,\n  working_start,\n  working_end,\n  working_days,\n  created_at,\n  updated_at\nFROM office_settings\nLIMIT 1","timestamp":"2026-05-02 00:10:19"}
{"label":"database","level":"debug","message":"Executing (b4555c90-d9a2-4810-913d-1bb7bc9214e7): COMMIT;","timestamp":"2026-05-02 00:10:19"}
{"label":"database","level":"debug","message":"Executing (default): SELECT id, event_type, timestamp_event, created_at\n        FROM attendance\n        WHERE user_id = '9b1debb1-5e18-45f2-9a9b-2873d494a54b' AND event_date = CURRENT_DATE\n        ORDER BY timestamp_event ASC","timestamp":"2026-05-02 00:10:21"}
{"label":"database","level":"debug","message":"Executing (3018d550-c02e-43e0-a768-914c3b30c1d8): START TRANSACTION;","timestamp":"2026-05-02 00:12:27"}
{"label":"database","level":"debug","message":"Executing (3018d550-c02e-43e0-a768-914c3b30c1d8): SELECT\n  id,\n  name,\n  lat,\n  lng,\n  radius,\n  office_address,\n  distance_threshold,\n  time_interval_ms,\n  polling_interval,\n  working_start,\n  working_end,\n  working_days,\n  created_at,\n  updated_at\nFROM office_settings\nLIMIT 1","timestamp":"2026-05-02 00:12:27"}
{"label":"database","level":"debug","message":"Executing (3018d550-c02e-43e0-a768-914c3b30c1d8): COMMIT;","timestamp":"2026-05-02 00:12:27"}
{"label":"database","level":"debug","message":"Executing (default): SELECT id, event_type, timestamp_event, created_at\n        FROM attendance\n        WHERE user_id = '9b1debb1-5e18-45f2-9a9b-2873d494a54b' AND event_date = CURRENT_DATE\n        ORDER BY timestamp_event ASC","timestamp":"2026-05-02 00:12:28"}
{"label":"database","level":"debug","message":"Executing (default): SELECT 1+1 AS result","timestamp":"2026-05-02 00:18:19"}
{"label":"database","level":"debug","message":"Executing (b5415146-7122-411e-b94b-d8bfa2c64b3c): START TRANSACTION;","timestamp":"2026-05-02 00:19:29"}
{"label":"database","level":"debug","message":"Executing (b5415146-7122-411e-b94b-d8bfa2c64b3c): SELECT\n  id,\n  name,\n  lat,\n  lng,\n  radius,\n  office_address,\n  distance_threshold,\n  time_interval_ms,\n  polling_interval,\n  working_start,\n  working_end,\n  working_days,\n  created_at,\n  updated_at\nFROM office_settings\nLIMIT 1","timestamp":"2026-05-02 00:19:29"}
{"label":"database","level":"debug","message":"Executing (b5415146-7122-411e-b94b-d8bfa2c64b3c): COMMIT;","timestamp":"2026-05-02 00:19:30"}
{"label":"database","level":"debug","message":"Executing (default): SELECT id, event_type, timestamp_event, created_at\n        FROM attendance\n        WHERE user_id = '9b1debb1-5e18-45f2-9a9b-2873d494a54b' AND event_date = CURRENT_DATE\n        ORDER BY timestamp_event ASC","timestamp":"2026-05-02 00:19:31"}
{"label":"database","level":"debug","message":"Executing (default): SELECT 1+1 AS result","timestamp":"2026-05-02 00:22:27"}
{"label":"database","level":"debug","message":"Executing (default): SELECT 1+1 AS result","timestamp":"2026-05-02 00:22:39"}
{"label":"database","level":"debug","message":"Executing (default): SELECT 1+1 AS result","timestamp":"2026-05-02 00:23:38"}
{"label":"database","level":"debug","message":"Executing (f7f728f3-7c09-4702-9122-db5279bd23b9): START TRANSACTION;","timestamp":"2026-05-02 00:23:55"}
{"label":"database","level":"debug","message":"Executing (f7f728f3-7c09-4702-9122-db5279bd23b9): SELECT\n  id,\n  name,\n  lat,\n  lng,\n  radius,\n  office_address,\n  distance_threshold,\n  time_interval_ms,\n  polling_interval,\n  working_start,\n  working_end,\n  working_days,\n  created_at,\n  updated_at\nFROM office_settings\nLIMIT 1","timestamp":"2026-05-02 00:23:55"}
{"label":"database","level":"debug","message":"Executing (f7f728f3-7c09-4702-9122-db5279bd23b9): COMMIT;","timestamp":"2026-05-02 00:23:55"}
{"label":"database","level":"debug","message":"Executing (default): SELECT id, event_type, timestamp_event, created_at\n        FROM attendance\n        WHERE user_id = '9b1debb1-5e18-45f2-9a9b-2873d494a54b' AND event_date = CURRENT_DATE\n        ORDER BY timestamp_event ASC","timestamp":"2026-05-02 00:23:56"}
{"label":"database","level":"debug","message":"Executing (default): SELECT 1+1 AS result","timestamp":"2026-05-02 00:24:40"}
{"label":"database","level":"debug","message":"Executing (43a34b34-ae26-49eb-92e3-90b8a16db227): START TRANSACTION;","timestamp":"2026-05-02 00:24:42"}
{"label":"database","level":"debug","message":"Executing (43a34b34-ae26-49eb-92e3-90b8a16db227): SELECT\n  id,\n  name,\n  lat,\n  lng,\n  radius,\n  office_address,\n  distance_threshold,\n  time_interval_ms,\n  polling_interval,\n  working_start,\n  working_end,\n  working_days,\n  created_at,\n  updated_at\nFROM office_settings\nLIMIT 1","timestamp":"2026-05-02 00:24:42"}
{"label":"database","level":"debug","message":"Executing (43a34b34-ae26-49eb-92e3-90b8a16db227): COMMIT;","timestamp":"2026-05-02 00:24:42"}
{"label":"database","level":"debug","message":"Executing (default): SELECT id, event_type, timestamp_event, created_at\n        FROM attendance\n        WHERE user_id = '9b1debb1-5e18-45f2-9a9b-2873d494a54b' AND event_date = CURRENT_DATE\n        ORDER BY timestamp_event ASC","timestamp":"2026-05-02 00:24:43"}
{"label":"database","level":"debug","message":"Executing (default): SELECT 1+1 AS result","timestamp":"2026-05-02 00:25:53"}
{"label":"database","level":"debug","message":"Executing (default): SELECT id, full_name, email, role, created_at FROM users WHERE id = '9b1debb1-5e18-45f2-9a9b-2873d494a54b' LIMIT 1","timestamp":"2026-05-02 00:25:59"}
{"label":"database","level":"debug","message":"Executing (default): SELECT id, event_type, timestamp_event, created_at\n        FROM attendance\n        WHERE user_id = '9b1debb1-5e18-45f2-9a9b-2873d494a54b' AND event_date = CURRENT_DATE\n        ORDER BY timestamp_event ASC","timestamp":"2026-05-02 00:25:59"}
{"label":"database","level":"debug","message":"Executing (3a5cfcb1-5dfa-41d7-b2a8-b00fda95bdce): START TRANSACTION;","timestamp":"2026-05-02 00:30:42"}
{"label":"database","level":"debug","message":"Executing (3a5cfcb1-5dfa-41d7-b2a8-b00fda95bdce): SELECT\n  id,\n  name,\n  lat,\n  lng,\n  radius,\n  office_address,\n  distance_threshold,\n  time_interval_ms,\n  polling_interval,\n  working_start,\n  working_end,\n  working_days,\n  created_at,\n  updated_at\nFROM office_settings\nLIMIT 1","timestamp":"2026-05-02 00:30:42"}
{"label":"database","level":"debug","message":"Executing (3a5cfcb1-5dfa-41d7-b2a8-b00fda95bdce): COMMIT;","timestamp":"2026-05-02 00:30:42"}
{"label":"database","level":"debug","message":"Executing (default): SELECT id, event_type, timestamp_event, created_at\n        FROM attendance\n        WHERE user_id = '9b1debb1-5e18-45f2-9a9b-2873d494a54b' AND event_date = CURRENT_DATE\n        ORDER BY timestamp_event ASC","timestamp":"2026-05-02 00:30:44"}
{"label":"database","level":"debug","message":"Executing (default): SELECT 1+1 AS result","timestamp":"2026-05-02 00:31:27"}
{"label":"database","level":"debug","message":"Executing (c22ae4f0-22c2-4c17-ab7b-3999795d12e6): START TRANSACTION;","timestamp":"2026-05-02 00:31:37"}
{"label":"database","level":"debug","message":"Executing (c22ae4f0-22c2-4c17-ab7b-3999795d12e6): SELECT\n  id,\n  name,\n  lat,\n  lng,\n  radius,\n  office_address,\n  distance_threshold,\n  time_interval_ms,\n  polling_interval,\n  working_start,\n  working_end,\n  working_days,\n  created_at,\n  updated_at\nFROM office_settings\nLIMIT 1","timestamp":"2026-05-02 00:31:37"}
{"label":"database","level":"debug","message":"Executing (c22ae4f0-22c2-4c17-ab7b-3999795d12e6): COMMIT;","timestamp":"2026-05-02 00:31:37"}
{"label":"database","level":"debug","message":"Executing (default): SELECT id, event_type, timestamp_event, created_at\n        FROM attendance\n        WHERE user_id = '9b1debb1-5e18-45f2-9a9b-2873d494a54b' AND event_date = CURRENT_DATE\n        ORDER BY timestamp_event ASC","timestamp":"2026-05-02 00:31:39"}
{"label":"database","level":"debug","message":"Executing (default): SELECT 1+1 AS result","timestamp":"2026-05-02 00:33:48"}
{"label":"database","level":"debug","message":"Executing (default): SELECT 1+1 AS result","timestamp":"2026-05-02 00:34:01"}
{"label":"database","level":"debug","message":"Executing (default): SELECT 1+1 AS result","timestamp":"2026-05-02 00:34:07"}
{"label":"database","level":"debug","message":"Executing (default): SELECT 1+1 AS result","timestamp":"2026-05-02 00:39:37"}
{"label":"database","level":"debug","message":"Executing (9ceae1d1-d760-43fc-9970-2a57af081007): START TRANSACTION;","timestamp":"2026-05-02 00:39:39"}
{"label":"database","level":"debug","message":"Executing (9ceae1d1-d760-43fc-9970-2a57af081007): SELECT\n  id,\n  name,\n  lat,\n  lng,\n  radius,\n  office_address,\n  distance_threshold,\n  time_interval_ms,\n  polling_interval,\n  working_start,\n  working_end,\n  working_days,\n  created_at,\n  updated_at\nFROM office_settings\nLIMIT 1","timestamp":"2026-05-02 00:39:39"}
{"label":"database","level":"debug","message":"Executing (9ceae1d1-d760-43fc-9970-2a57af081007): COMMIT;","timestamp":"2026-05-02 00:39:39"}
{"label":"database","level":"debug","message":"Executing (default): SELECT id, event_type, timestamp_event, created_at\n        FROM attendance\n        WHERE user_id = '9b1debb1-5e18-45f2-9a9b-2873d494a54b' AND AND event_date = (CURRENT_TIMESTAMP AT TIME ZONE 'Asia/Kolkata')::date\n        ORDER BY timestamp_event ASC","timestamp":"2026-05-02 00:39:40"}
{"label":"database","level":"debug","message":"Executing (default): SELECT 1+1 AS result","timestamp":"2026-05-02 00:43:15"}
{"label":"database","level":"debug","message":"Executing (default): SELECT id, full_name, email, role, created_at FROM users WHERE id = '9b1debb1-5e18-45f2-9a9b-2873d494a54b' LIMIT 1","timestamp":"2026-05-02 00:44:16"}
{"label":"database","level":"debug","message":"Executing (c2d20f1f-c128-4f8e-93a1-718a11285bf4): START TRANSACTION;","timestamp":"2026-05-02 00:44:17"}
{"label":"database","level":"debug","message":"Executing (c2d20f1f-c128-4f8e-93a1-718a11285bf4): SELECT\n  id,\n  name,\n  lat,\n  lng,\n  radius,\n  office_address,\n  distance_threshold,\n  time_interval_ms,\n  polling_interval,\n  working_start,\n  working_end,\n  working_days,\n  created_at,\n  updated_at\nFROM office_settings\nLIMIT 1","timestamp":"2026-05-02 00:44:17"}
{"label":"database","level":"debug","message":"Executing (c2d20f1f-c128-4f8e-93a1-718a11285bf4): COMMIT;","timestamp":"2026-05-02 00:44:17"}
{"label":"database","level":"debug","message":"Executing (default): SELECT id, event_type, timestamp_event, created_at\n        FROM attendance\n        WHERE user_id = '9b1debb1-5e18-45f2-9a9b-2873d494a54b' AND AND event_date = (CURRENT_TIMESTAMP AT TIME ZONE 'Asia/Kolkata')::date\n        ORDER BY timestamp_event ASC","timestamp":"2026-05-02 00:44:18"}
{"label":"database","level":"debug","message":"Executing (default): SELECT 1+1 AS result","timestamp":"2026-05-02 00:44:57"}
{"label":"database","level":"debug","message":"Executing (default): SELECT 1+1 AS result","timestamp":"2026-05-02 00:46:13"}
{"label":"database","level":"debug","message":"Executing (default): SELECT 1+1 AS result","timestamp":"2026-05-02 00:46:30"}
{"label":"database","level":"debug","message":"Executing (default): SELECT 1+1 AS result","timestamp":"2026-05-02 00:46:39"}
{"label":"database","level":"debug","message":"Executing (default): SELECT id, event_type, timestamp_event, created_at\n        FROM attendance\n        WHERE user_id = '9b1debb1-5e18-45f2-9a9b-2873d494a54b'  AND  and event_date = (CURRENT_TIMESTAMP AT TIME ZONE 'Asia/Kolkata')::date\n        ORDER BY timestamp_event ASC","timestamp":"2026-05-02 00:46:40"}
{"label":"database","level":"debug","message":"Executing (default): SELECT 1+1 AS result","timestamp":"2026-05-02 00:48:35"}
{"label":"database","level":"debug","message":"Executing (default): SELECT 1+1 AS result","timestamp":"2026-05-02 00:48:45"}
{"label":"database","level":"debug","message":"Executing (default): SELECT 1+1 AS result","timestamp":"2026-05-02 00:49:02"}
{"label":"database","level":"debug","message":"Executing (default): SELECT id, event_type, timestamp_event, created_at\n        FROM attendance\n        WHERE user_id = '9b1debb1-5e18-45f2-9a9b-2873d494a54b'  AND  and event_date = (CURRENT_TIMESTAMP AT TIME ZONE 'Asia/Kolkata')::date\n        ORDER BY timestamp_event ASC","timestamp":"2026-05-02 00:49:06"}
{"label":"database","level":"debug","message":"Executing (default): SELECT id, event_type, timestamp_event, created_at\n        FROM attendance\n        WHERE user_id = '9b1debb1-5e18-45f2-9a9b-2873d494a54b'  AND  and event_date = (CURRENT_TIMESTAMP AT TIME ZONE 'Asia/Kolkata')::date\n        ORDER BY timestamp_event ASC","timestamp":"2026-05-02 00:49:44"}
{"label":"database","level":"debug","message":"Executing (default): SELECT id, event_type, timestamp_event, created_at\n        FROM attendance\n        WHERE user_id = '9b1debb1-5e18-45f2-9a9b-2873d494a54b'  AND  and event_date = (CURRENT_TIMESTAMP AT TIME ZONE 'Asia/Kolkata')::date\n        ORDER BY timestamp_event ASC","timestamp":"2026-05-02 00:49:48"}
{"label":"database","level":"debug","message":"Executing (default): SELECT id, event_type, timestamp_event, created_at\n        FROM attendance\n        WHERE user_id = '9b1debb1-5e18-45f2-9a9b-2873d494a54b'  AND  and event_date = (CURRENT_TIMESTAMP AT TIME ZONE 'Asia/Kolkata')::date\n        ORDER BY timestamp_event ASC","timestamp":"2026-05-02 00:50:01"}
{"label":"database","level":"debug","message":"Executing (default): SELECT 1+1 AS result","timestamp":"2026-05-02 00:50:24"}
{"label":"database","level":"debug","message":"Executing (default): SELECT id, event_type, timestamp_event, created_at\n        FROM attendance\n        WHERE user_id = '9b1debb1-5e18-45f2-9a9b-2873d494a54b'  AND   event_date = (CURRENT_TIMESTAMP AT TIME ZONE 'Asia/Kolkata')::date\n        ORDER BY timestamp_event ASC","timestamp":"2026-05-02 00:50:25"}
{"label":"database","level":"debug","message":"Executing (default): SELECT id, event_type, timestamp_event, created_at\n        FROM attendance\n        WHERE user_id = '9b1debb1-5e18-45f2-9a9b-2873d494a54b'  AND   event_date = (CURRENT_TIMESTAMP AT TIME ZONE 'Asia/Kolkata')::date\n        ORDER BY timestamp_event ASC","timestamp":"2026-05-02 00:50:32"}
{"label":"database","level":"debug","message":"Executing (default): SELECT 1+1 AS result","timestamp":"2026-05-02 00:51:04"}
{"label":"database","level":"debug","message":"Executing (default): SELECT id, event_type, timestamp_event, created_at\n        FROM attendance\n        WHERE user_id = '9b1debb1-5e18-45f2-9a9b-2873d494a54b'  AND   event_date = (CURRENT_TIMESTAMP AT TIME ZONE 'Asia/Kolkata')::date\n        ORDER BY timestamp_event ASC","timestamp":"2026-05-02 00:51:04"}
{"label":"database","level":"debug","message":"Executing (default): SELECT id, event_type, timestamp_event, created_at\n        FROM attendance\n        WHERE user_id = '9b1debb1-5e18-45f2-9a9b-2873d494a54b'  AND   event_date = (CURRENT_TIMESTAMP AT TIME ZONE 'Asia/Kolkata')::date\n        ORDER BY timestamp_event ASC","timestamp":"2026-05-02 00:51:45"}
{"label":"database","level":"debug","message":"Executing (default): SELECT 1+1 AS result","timestamp":"2026-05-02 00:54:09"}
{"label":"database","level":"debug","message":"Executing (default): SELECT id, event_type, timestamp_event, created_at\n        FROM attendance\n        WHERE user_id = '9b1debb1-5e18-45f2-9a9b-2873d494a54b'  AND   event_date = (CURRENT_TIMESTAMP AT TIME ZONE 'Asia/Kolkata')::date\n        ORDER BY timestamp_event ASC","timestamp":"2026-05-02 00:54:11"}
{"label":"database","level":"debug","message":"Executing (default): SELECT id, event_type, timestamp_event, created_at\n        FROM attendance\n        WHERE user_id = '9b1debb1-5e18-45f2-9a9b-2873d494a54b'  AND   event_date = (CURRENT_TIMESTAMP AT TIME ZONE 'Asia/Kolkata')::date\n        ORDER BY timestamp_event ASC","timestamp":"2026-05-02 00:54:18"}
{"label":"database","level":"debug","message":"Executing (default): SELECT id, event_date, event_type, timestamp_event, created_at\n        FROM attendance\n        WHERE user_id = '9b1debb1-5e18-45f2-9a9b-2873d494a54b'\n        ORDER BY event_date DESC, timestamp_event DESC\n        LIMIT 20 OFFSET 0","timestamp":"2026-05-02 00:58:03"}
{"label":"database","level":"debug","message":"Executing (a72d48d0-6686-4ab5-b0cc-23ac14e27b1e): START TRANSACTION;","timestamp":"2026-05-02 01:04:23"}
{"label":"database","level":"debug","message":"Executing (a72d48d0-6686-4ab5-b0cc-23ac14e27b1e): SELECT * FROM users WHERE email = 'santramanoj1997@gmail.com' LIMIT 1","timestamp":"2026-05-02 01:04:23"}
{"label":"database","level":"debug","message":"Executing (a72d48d0-6686-4ab5-b0cc-23ac14e27b1e): SELECT * FROM devices WHERE user_id = '9b1debb1-5e18-45f2-9a9b-2873d494a54b' LIMIT 1","timestamp":"2026-05-02 01:04:24"}
{"label":"database","level":"debug","message":"Executing (a72d48d0-6686-4ab5-b0cc-23ac14e27b1e): SELECT\n  id,\n  name,\n  lat,\n  lng,\n  radius,\n  office_address,\n  distance_threshold,\n  time_interval_ms,\n  polling_interval,\n  working_start,\n  working_end,\n  working_days,\n  created_at,\n  updated_at\nFROM office_settings\nLIMIT 1","timestamp":"2026-05-02 01:04:24"}
{"label":"database","level":"debug","message":"Executing (a72d48d0-6686-4ab5-b0cc-23ac14e27b1e): COMMIT;","timestamp":"2026-05-02 01:04:24"}
{"label":"database","level":"debug","message":"Executing (365ed625-7bff-425b-a164-8a310c6cb594): START TRANSACTION;","timestamp":"2026-05-02 01:04:51"}
{"label":"database","level":"debug","message":"Executing (365ed625-7bff-425b-a164-8a310c6cb594): SELECT * FROM users WHERE email = 'santramanoj1997@gmail.com' LIMIT 1","timestamp":"2026-05-02 01:04:51"}
{"label":"database","level":"debug","message":"Executing (365ed625-7bff-425b-a164-8a310c6cb594): ROLLBACK;","timestamp":"2026-05-02 01:04:51"}
{"label":"database","level":"debug","message":"Executing (default): SELECT id, full_name, email, role, created_at FROM users WHERE id = '9b1debb1-5e18-45f2-9a9b-2873d494a54b' LIMIT 1","timestamp":"2026-05-02 01:04:51"}
{"label":"database","level":"debug","message":"Executing (16981f08-cfc8-4187-b0f7-195f31634725): START TRANSACTION;","timestamp":"2026-05-02 01:04:51"}
{"label":"database","level":"debug","message":"Executing (16981f08-cfc8-4187-b0f7-195f31634725): SELECT * FROM users WHERE email = 'santramanoj1997@gmail.com' LIMIT 1","timestamp":"2026-05-02 01:04:51"}
{"label":"database","level":"debug","message":"Executing (16981f08-cfc8-4187-b0f7-195f31634725): ROLLBACK;","timestamp":"2026-05-02 01:04:51"}
{"label":"database","level":"debug","message":"Executing (5d82b5c3-e5b7-417c-a687-aa511399a102): START TRANSACTION;","timestamp":"2026-05-02 01:05:05"}
{"label":"database","level":"debug","message":"Executing (5d82b5c3-e5b7-417c-a687-aa511399a102): SELECT * FROM users WHERE email = 'santramanoj1997@gmail.com' LIMIT 1","timestamp":"2026-05-02 01:05:05"}
{"label":"database","level":"debug","message":"Executing (5d82b5c3-e5b7-417c-a687-aa511399a102): ROLLBACK;","timestamp":"2026-05-02 01:05:05"}
{"label":"database","level":"debug","message":"Executing (default): SELECT id, full_name, email, role, created_at FROM users WHERE id = '9b1debb1-5e18-45f2-9a9b-2873d494a54b' LIMIT 1","timestamp":"2026-05-02 01:05:05"}
{"label":"database","level":"debug","message":"Executing (ed5437ed-31aa-4df0-a2e7-42c054480201): START TRANSACTION;","timestamp":"2026-05-02 01:05:05"}
{"label":"database","level":"debug","message":"Executing (ed5437ed-31aa-4df0-a2e7-42c054480201): SELECT * FROM users WHERE email = 'santramanoj1997@gmail.com' LIMIT 1","timestamp":"2026-05-02 01:05:05"}
{"label":"database","level":"debug","message":"Executing (ed5437ed-31aa-4df0-a2e7-42c054480201): ROLLBACK;","timestamp":"2026-05-02 01:05:05"}
{"label":"database","level":"debug","message":"Executing (1e6066fd-52f4-425b-87b6-c2d3280a2f32): START TRANSACTION;","timestamp":"2026-05-02 01:10:32"}
{"label":"database","level":"debug","message":"Executing (1e6066fd-52f4-425b-87b6-c2d3280a2f32): SELECT\n  id,\n  name,\n  lat,\n  lng,\n  radius,\n  office_address,\n  distance_threshold,\n  time_interval_ms,\n  polling_interval,\n  working_start,\n  working_end,\n  working_days,\n  created_at,\n  updated_at\nFROM office_settings\nLIMIT 1","timestamp":"2026-05-02 01:10:32"}
{"label":"database","level":"debug","message":"Executing (1e6066fd-52f4-425b-87b6-c2d3280a2f32): COMMIT;","timestamp":"2026-05-02 01:10:32"}
{"label":"database","level":"debug","message":"Executing (a24276a1-017b-4213-9742-ff36f46b0523): START TRANSACTION;","timestamp":"2026-05-02 01:10:57"}
{"label":"database","level":"debug","message":"Executing (a24276a1-017b-4213-9742-ff36f46b0523): SELECT * FROM users WHERE email = 'santramanoj1997@gmail.com' LIMIT 1","timestamp":"2026-05-02 01:10:57"}
{"label":"database","level":"debug","message":"Executing (a24276a1-017b-4213-9742-ff36f46b0523): SELECT * FROM devices WHERE user_id = '9b1debb1-5e18-45f2-9a9b-2873d494a54b' LIMIT 1","timestamp":"2026-05-02 01:10:57"}
{"label":"database","level":"debug","message":"Executing (a24276a1-017b-4213-9742-ff36f46b0523): SELECT\n  id,\n  name,\n  lat,\n  lng,\n  radius,\n  office_address,\n  distance_threshold,\n  time_interval_ms,\n  polling_interval,\n  working_start,\n  working_end,\n  working_days,\n  created_at,\n  updated_at\nFROM office_settings\nLIMIT 1","timestamp":"2026-05-02 01:10:57"}
{"label":"database","level":"debug","message":"Executing (a24276a1-017b-4213-9742-ff36f46b0523): COMMIT;","timestamp":"2026-05-02 01:10:57"}
{"label":"database","level":"debug","message":"Executing (2dcd364f-a6e5-49fb-a890-3453869e04b6): START TRANSACTION;","timestamp":"2026-05-02 01:11:02"}
{"label":"database","level":"debug","message":"Executing (2dcd364f-a6e5-49fb-a890-3453869e04b6): SELECT * FROM users WHERE email = 'santramanoj1997@gmail.com' LIMIT 1","timestamp":"2026-05-02 01:11:02"}
{"label":"database","level":"debug","message":"Executing (2dcd364f-a6e5-49fb-a890-3453869e04b6): SELECT * FROM devices WHERE user_id = '9b1debb1-5e18-45f2-9a9b-2873d494a54b' LIMIT 1","timestamp":"2026-05-02 01:11:02"}
{"label":"database","level":"debug","message":"Executing (2dcd364f-a6e5-49fb-a890-3453869e04b6): SELECT\n  id,\n  name,\n  lat,\n  lng,\n  radius,\n  office_address,\n  distance_threshold,\n  time_interval_ms,\n  polling_interval,\n  working_start,\n  working_end,\n  working_days,\n  created_at,\n  updated_at\nFROM office_settings\nLIMIT 1","timestamp":"2026-05-02 01:11:02"}
{"label":"database","level":"debug","message":"Executing (2dcd364f-a6e5-49fb-a890-3453869e04b6): COMMIT;","timestamp":"2026-05-02 01:11:02"}
{"label":"database","level":"debug","message":"Executing (69e48765-ca54-42fa-a481-5c2edabf03d2): START TRANSACTION;","timestamp":"2026-05-02 01:11:57"}
{"label":"database","level":"debug","message":"Executing (69e48765-ca54-42fa-a481-5c2edabf03d2): SELECT\n  id,\n  name,\n  lat,\n  lng,\n  radius,\n  office_address,\n  distance_threshold,\n  time_interval_ms,\n  polling_interval,\n  working_start,\n  working_end,\n  working_days,\n  created_at,\n  updated_at\nFROM office_settings\nLIMIT 1","timestamp":"2026-05-02 01:11:57"}
{"label":"database","level":"debug","message":"Executing (69e48765-ca54-42fa-a481-5c2edabf03d2): COMMIT;","timestamp":"2026-05-02 01:11:58"}
{"label":"database","level":"debug","message":"Executing (c0889d95-4169-42cc-a406-3339cbda9dfd): START TRANSACTION;","timestamp":"2026-05-02 01:12:00"}
{"label":"database","level":"debug","message":"Executing (c0889d95-4169-42cc-a406-3339cbda9dfd): SELECT * FROM users WHERE email = 'santramanoj1997@gmail.com' LIMIT 1","timestamp":"2026-05-02 01:12:00"}
{"label":"database","level":"debug","message":"Executing (c0889d95-4169-42cc-a406-3339cbda9dfd): SELECT * FROM devices WHERE user_id = '9b1debb1-5e18-45f2-9a9b-2873d494a54b' LIMIT 1","timestamp":"2026-05-02 01:12:00"}
{"label":"database","level":"debug","message":"Executing (c0889d95-4169-42cc-a406-3339cbda9dfd): SELECT\n  id,\n  name,\n  lat,\n  lng,\n  radius,\n  office_address,\n  distance_threshold,\n  time_interval_ms,\n  polling_interval,\n  working_start,\n  working_end,\n  working_days,\n  created_at,\n  updated_at\nFROM office_settings\nLIMIT 1","timestamp":"2026-05-02 01:12:00"}
{"label":"database","level":"debug","message":"Executing (c0889d95-4169-42cc-a406-3339cbda9dfd): COMMIT;","timestamp":"2026-05-02 01:12:00"}
{"label":"database","level":"debug","message":"Executing (default): SELECT id, event_type, timestamp_event, created_at\n        FROM attendance\n        WHERE user_id = '9b1debb1-5e18-45f2-9a9b-2873d494a54b'  AND   event_date = (CURRENT_TIMESTAMP AT TIME ZONE 'Asia/Kolkata')::date\n        ORDER BY timestamp_event ASC","timestamp":"2026-05-02 01:12:01"}
{"label":"database","level":"debug","message":"Executing (default): SELECT id, event_type, timestamp_event, created_at\n        FROM attendance\n        WHERE user_id = '9b1debb1-5e18-45f2-9a9b-2873d494a54b'  AND   event_date = (CURRENT_TIMESTAMP AT TIME ZONE 'Asia/Kolkata')::date\n        ORDER BY timestamp_event ASC","timestamp":"2026-05-02 01:13:04"}
{"label":"database","level":"debug","message":"Executing (default): SELECT id, event_date, event_type, timestamp_event, created_at\n        FROM attendance\n        WHERE user_id = '9b1debb1-5e18-45f2-9a9b-2873d494a54b'\n        ORDER BY event_date DESC, timestamp_event DESC\n        LIMIT 20 OFFSET 0","timestamp":"2026-05-02 01:13:05"}
{"label":"database","level":"debug","message":"Executing (default): SELECT id, event_type, timestamp_event, created_at\n        FROM attendance\n        WHERE user_id = '9b1debb1-5e18-45f2-9a9b-2873d494a54b'  AND   event_date = (CURRENT_TIMESTAMP AT TIME ZONE 'Asia/Kolkata')::date\n        ORDER BY timestamp_event ASC","timestamp":"2026-05-02 01:13:08"}
{"label":"database","level":"debug","message":"Executing (default): SELECT id, event_date, event_type, timestamp_event, created_at\n        FROM attendance\n        WHERE user_id = '9b1debb1-5e18-45f2-9a9b-2873d494a54b'\n        ORDER BY event_date DESC, timestamp_event DESC\n        LIMIT 20 OFFSET 0","timestamp":"2026-05-02 01:13:09"}
{"label":"database","level":"debug","message":"Executing (default): SELECT id, event_type, timestamp_event, created_at\n        FROM attendance\n        WHERE user_id = '9b1debb1-5e18-45f2-9a9b-2873d494a54b'  AND   event_date = (CURRENT_TIMESTAMP AT TIME ZONE 'Asia/Kolkata')::date\n        ORDER BY timestamp_event ASC","timestamp":"2026-05-02 01:13:12"}
{"label":"database","level":"debug","message":"Executing (default): SELECT 1+1 AS result","timestamp":"2026-05-02 01:19:52"}
{"label":"database","level":"debug","message":"Executing (default): SELECT 1+1 AS result","timestamp":"2026-05-02 01:20:52"}
{"label":"database","level":"debug","message":"Executing (default): SELECT\n  id,\n  name,\n  lat,\n  lng,\n  radius,\n  office_address,\n  distance_threshold,\n  time_interval_ms,\n  polling_interval,\n  working_start,\n  working_end,\n  working_days,\n  created_at,\n  updated_at\nFROM office_settings\nLIMIT 1","timestamp":"2026-05-02 01:20:52"}
{"label":"database","level":"debug","message":"Executing (default): SELECT 1+1 AS result","timestamp":"2026-05-02 01:21:07"}
{"label":"database","level":"debug","message":"Executing (default): SELECT\n  id,\n  name,\n  lat,\n  lng,\n  radius,\n  office_address,\n  distance_threshold,\n  time_interval_ms,\n  polling_interval,\n  working_start,\n  working_end,\n  working_days,\n  created_at,\n  updated_at\nFROM office_settings\nLIMIT 1","timestamp":"2026-05-02 01:21:07"}
{"label":"database","level":"debug","message":"Executing (default): SELECT 1+1 AS result","timestamp":"2026-05-02 01:27:55"}
{"label":"database","level":"debug","message":"Executing (default): SELECT 1+1 AS result","timestamp":"2026-05-02 01:28:00"}
{"label":"database","level":"debug","message":"Executing (default): SELECT 1+1 AS result","timestamp":"2026-05-02 01:29:34"}
{"label":"database","level":"debug","message":"Executing (default): SELECT 1+1 AS result","timestamp":"2026-05-02 01:30:13"}
{"label":"database","level":"debug","message":"Executing (default): SELECT 1+1 AS result","timestamp":"2026-05-02 01:31:34"}
{"label":"database","level":"debug","message":"Executing (default): SELECT 1+1 AS result","timestamp":"2026-05-02 01:40:58"}
{"label":"database","level":"debug","message":"Executing (default): SELECT 1+1 AS result","timestamp":"2026-05-02 01:41:47"}
{"label":"database","level":"debug","message":"Executing (default): SELECT 1+1 AS result","timestamp":"2026-05-02 01:42:56"}
{"label":"database","level":"debug","message":"Executing (default): SELECT 1+1 AS result","timestamp":"2026-05-02 01:46:28"}
{"label":"database","level":"debug","message":"Executing (default): SELECT 1+1 AS result","timestamp":"2026-05-02 01:48:05"}
{"label":"database","level":"debug","message":"Executing (default): SELECT 1+1 AS result","timestamp":"2026-05-02 01:48:42"}
