{"level":"info","message":"🚀 Server running \ton port: 5000","timestamp":"2026-05-02 00:00:16"}
{"level":"info","message":"Redis connected","timestamp":"2026-05-02 00:00:16"}
{"label":"database","level":"debug","message":"Executing (default): SELECT 1+1 AS result","timestamp":"2026-05-02 00:00:17"}
{"level":"info","message":"✅ PostgreSQL connected","timestamp":"2026-05-02 00:00:17"}
{"level":"info","message":"🚀 Server running \ton port: 5000","timestamp":"2026-05-02 00:00:31"}
{"level":"info","message":"Redis connected","timestamp":"2026-05-02 00:00:31"}
{"label":"database","level":"debug","message":"Executing (default): SELECT 1+1 AS result","timestamp":"2026-05-02 00:00:32"}
{"level":"info","message":"✅ PostgreSQL connected","timestamp":"2026-05-02 00:00:32"}
{"level":"info","message":"🚀 Server running \ton port: 5000","timestamp":"2026-05-02 00:02:17"}
{"level":"info","message":"Redis connected","timestamp":"2026-05-02 00:02:17"}
{"label":"database","level":"debug","message":"Executing (default): SELECT 1+1 AS result","timestamp":"2026-05-02 00:02:17"}
{"level":"info","message":"✅ PostgreSQL connected","timestamp":"2026-05-02 00:02:17"}
{"level":"info","message":"🚀 Server running \ton port: 5000","timestamp":"2026-05-02 00:05:16"}
{"level":"info","message":"Redis connected","timestamp":"2026-05-02 00:05:16"}
{"label":"database","level":"debug","message":"Executing (default): SELECT 1+1 AS result","timestamp":"2026-05-02 00:05:16"}
{"level":"info","message":"✅ PostgreSQL connected","timestamp":"2026-05-02 00:05:16"}
{"level":"info","message":"🚀 Server running \ton port: 5000","timestamp":"2026-05-02 00:06:13"}
{"level":"info","message":"Redis connected","timestamp":"2026-05-02 00:06:13"}
{"label":"database","level":"debug","message":"Executing (default): SELECT 1+1 AS result","timestamp":"2026-05-02 00:06:14"}
{"level":"info","message":"✅ PostgreSQL connected","timestamp":"2026-05-02 00:06:14"}
{"level":"info","message":"🚀 Server running \ton port: 5000","timestamp":"2026-05-02 00:07:32"}
{"level":"info","message":"Redis connected","timestamp":"2026-05-02 00:07:32"}
{"label":"database","level":"debug","message":"Executing (default): SELECT 1+1 AS result","timestamp":"2026-05-02 00:07:33"}
{"level":"info","message":"✅ PostgreSQL connected","timestamp":"2026-05-02 00:07:33"}
{"level":"info","message":"🚀 Server running \ton port: 5000","timestamp":"2026-05-02 00:08:17"}
{"level":"info","message":"Redis connected","timestamp":"2026-05-02 00:08:17"}
{"label":"database","level":"debug","message":"Executing (default): SELECT 1+1 AS result","timestamp":"2026-05-02 00:08:17"}
{"level":"info","message":"✅ PostgreSQL connected","timestamp":"2026-05-02 00:08:17"}
{"level":"info","message":"🚀 Server running \ton port: 5000","timestamp":"2026-05-02 00:08:46"}
{"level":"info","message":"Redis connected","timestamp":"2026-05-02 00:08:46"}
{"label":"database","level":"debug","message":"Executing (default): SELECT 1+1 AS result","timestamp":"2026-05-02 00:08:47"}
{"level":"info","message":"✅ PostgreSQL connected","timestamp":"2026-05-02 00:08:47"}
{"label":"database","level":"debug","message":"Executing (default): SELECT id, full_name, email, role, created_at FROM users WHERE id = '9b1debb1-5e18-45f2-9a9b-2873d494a54b' LIMIT 1","timestamp":"2026-05-02 00:10:19"}
{"label":"database","level":"debug","message":"Executing (b4555c90-d9a2-4810-913d-1bb7bc9214e7): START TRANSACTION;","timestamp":"2026-05-02 00:10:19"}
{"exp":1777661719,"fullName":"Manoj Santra","iat":1777660819,"level":"info","message":"user: ","role":"employee","timestamp":"2026-05-02 00:10:19","userId":"9b1debb1-5e18-45f2-9a9b-2873d494a54b"}
{"label":"database","level":"debug","message":"Executing (b4555c90-d9a2-4810-913d-1bb7bc9214e7): SELECT\n  id,\n  name,\n  lat,\n  lng,\n  radius,\n  office_address,\n  distance_threshold,\n  time_interval_ms,\n  polling_interval,\n  working_start,\n  working_end,\n  working_days,\n  created_at,\n  updated_at\nFROM office_settings\nLIMIT 1","timestamp":"2026-05-02 00:10:19"}
{"label":"database","level":"debug","message":"Executing (b4555c90-d9a2-4810-913d-1bb7bc9214e7): COMMIT;","timestamp":"2026-05-02 00:10:19"}
{"label":"database","level":"debug","message":"Executing (default): SELECT id, event_type, timestamp_event, created_at\n        FROM attendance\n        WHERE user_id = '9b1debb1-5e18-45f2-9a9b-2873d494a54b' AND event_date = CURRENT_DATE\n        ORDER BY timestamp_event ASC","timestamp":"2026-05-02 00:10:21"}
{"label":"database","level":"debug","message":"Executing (3018d550-c02e-43e0-a768-914c3b30c1d8): START TRANSACTION;","timestamp":"2026-05-02 00:12:27"}
{"exp":1777661719,"fullName":"Manoj Santra","iat":1777660819,"level":"info","message":"user: ","role":"employee","timestamp":"2026-05-02 00:12:27","userId":"9b1debb1-5e18-45f2-9a9b-2873d494a54b"}
{"label":"database","level":"debug","message":"Executing (3018d550-c02e-43e0-a768-914c3b30c1d8): SELECT\n  id,\n  name,\n  lat,\n  lng,\n  radius,\n  office_address,\n  distance_threshold,\n  time_interval_ms,\n  polling_interval,\n  working_start,\n  working_end,\n  working_days,\n  created_at,\n  updated_at\nFROM office_settings\nLIMIT 1","timestamp":"2026-05-02 00:12:27"}
{"label":"database","level":"debug","message":"Executing (3018d550-c02e-43e0-a768-914c3b30c1d8): COMMIT;","timestamp":"2026-05-02 00:12:27"}
{"label":"database","level":"debug","message":"Executing (default): SELECT id, event_type, timestamp_event, created_at\n        FROM attendance\n        WHERE user_id = '9b1debb1-5e18-45f2-9a9b-2873d494a54b' AND event_date = CURRENT_DATE\n        ORDER BY timestamp_event ASC","timestamp":"2026-05-02 00:12:28"}
{"level":"info","message":"🚀 Server running \ton port: 5000","timestamp":"2026-05-02 00:18:19"}
{"level":"info","message":"Redis connected","timestamp":"2026-05-02 00:18:19"}
{"label":"database","level":"debug","message":"Executing (default): SELECT 1+1 AS result","timestamp":"2026-05-02 00:18:19"}
{"level":"info","message":"✅ PostgreSQL connected","timestamp":"2026-05-02 00:18:19"}
{"label":"database","level":"debug","message":"Executing (b5415146-7122-411e-b94b-d8bfa2c64b3c): START TRANSACTION;","timestamp":"2026-05-02 00:19:29"}
{"exp":1777661719,"fullName":"Manoj Santra","iat":1777660819,"level":"info","message":"user: ","role":"employee","timestamp":"2026-05-02 00:19:29","userId":"9b1debb1-5e18-45f2-9a9b-2873d494a54b"}
{"label":"database","level":"debug","message":"Executing (b5415146-7122-411e-b94b-d8bfa2c64b3c): SELECT\n  id,\n  name,\n  lat,\n  lng,\n  radius,\n  office_address,\n  distance_threshold,\n  time_interval_ms,\n  polling_interval,\n  working_start,\n  working_end,\n  working_days,\n  created_at,\n  updated_at\nFROM office_settings\nLIMIT 1","timestamp":"2026-05-02 00:19:29"}
{"label":"database","level":"debug","message":"Executing (b5415146-7122-411e-b94b-d8bfa2c64b3c): COMMIT;","timestamp":"2026-05-02 00:19:30"}
{"label":"database","level":"debug","message":"Executing (default): SELECT id, event_type, timestamp_event, created_at\n        FROM attendance\n        WHERE user_id = '9b1debb1-5e18-45f2-9a9b-2873d494a54b' AND event_date = CURRENT_DATE\n        ORDER BY timestamp_event ASC","timestamp":"2026-05-02 00:19:31"}
{"level":"info","message":"🚀 Server running \ton port: 5000","timestamp":"2026-05-02 00:22:26"}
{"level":"info","message":"Redis connected","timestamp":"2026-05-02 00:22:26"}
{"label":"database","level":"debug","message":"Executing (default): SELECT 1+1 AS result","timestamp":"2026-05-02 00:22:27"}
{"level":"info","message":"✅ PostgreSQL connected","timestamp":"2026-05-02 00:22:27"}
{"level":"info","message":"🚀 Server running \ton port: 5000","timestamp":"2026-05-02 00:22:39"}
{"level":"info","message":"Redis connected","timestamp":"2026-05-02 00:22:39"}
{"label":"database","level":"debug","message":"Executing (default): SELECT 1+1 AS result","timestamp":"2026-05-02 00:22:39"}
{"level":"info","message":"✅ PostgreSQL connected","timestamp":"2026-05-02 00:22:39"}
{"level":"info","message":"🚀 Server running \ton port: 5000","timestamp":"2026-05-02 00:23:37"}
{"level":"info","message":"Redis connected","timestamp":"2026-05-02 00:23:37"}
{"label":"database","level":"debug","message":"Executing (default): SELECT 1+1 AS result","timestamp":"2026-05-02 00:23:38"}
{"level":"info","message":"✅ PostgreSQL connected","timestamp":"2026-05-02 00:23:38"}
{"label":"database","level":"debug","message":"Executing (f7f728f3-7c09-4702-9122-db5279bd23b9): START TRANSACTION;","timestamp":"2026-05-02 00:23:55"}
{"exp":1777661719,"fullName":"Manoj Santra","iat":1777660819,"level":"info","message":"user: ","role":"employee","timestamp":"2026-05-02 00:23:55","userId":"9b1debb1-5e18-45f2-9a9b-2873d494a54b"}
{"label":"database","level":"debug","message":"Executing (f7f728f3-7c09-4702-9122-db5279bd23b9): SELECT\n  id,\n  name,\n  lat,\n  lng,\n  radius,\n  office_address,\n  distance_threshold,\n  time_interval_ms,\n  polling_interval,\n  working_start,\n  working_end,\n  working_days,\n  created_at,\n  updated_at\nFROM office_settings\nLIMIT 1","timestamp":"2026-05-02 00:23:55"}
{"label":"database","level":"debug","message":"Executing (f7f728f3-7c09-4702-9122-db5279bd23b9): COMMIT;","timestamp":"2026-05-02 00:23:55"}
{"label":"database","level":"debug","message":"Executing (default): SELECT id, event_type, timestamp_event, created_at\n        FROM attendance\n        WHERE user_id = '9b1debb1-5e18-45f2-9a9b-2873d494a54b' AND event_date = CURRENT_DATE\n        ORDER BY timestamp_event ASC","timestamp":"2026-05-02 00:23:56"}
{"level":"info","message":"🚀 Server running \ton port: 5000","timestamp":"2026-05-02 00:24:39"}
{"level":"info","message":"Redis connected","timestamp":"2026-05-02 00:24:39"}
{"label":"database","level":"debug","message":"Executing (default): SELECT 1+1 AS result","timestamp":"2026-05-02 00:24:40"}
{"level":"info","message":"✅ PostgreSQL connected","timestamp":"2026-05-02 00:24:40"}
{"label":"database","level":"debug","message":"Executing (43a34b34-ae26-49eb-92e3-90b8a16db227): START TRANSACTION;","timestamp":"2026-05-02 00:24:42"}
{"exp":1777661719,"fullName":"Manoj Santra","iat":1777660819,"level":"info","message":"user: ","role":"employee","timestamp":"2026-05-02 00:24:42","userId":"9b1debb1-5e18-45f2-9a9b-2873d494a54b"}
{"label":"database","level":"debug","message":"Executing (43a34b34-ae26-49eb-92e3-90b8a16db227): SELECT\n  id,\n  name,\n  lat,\n  lng,\n  radius,\n  office_address,\n  distance_threshold,\n  time_interval_ms,\n  polling_interval,\n  working_start,\n  working_end,\n  working_days,\n  created_at,\n  updated_at\nFROM office_settings\nLIMIT 1","timestamp":"2026-05-02 00:24:42"}
{"label":"database","level":"debug","message":"Executing (43a34b34-ae26-49eb-92e3-90b8a16db227): COMMIT;","timestamp":"2026-05-02 00:24:42"}
{"label":"database","level":"debug","message":"Executing (default): SELECT id, event_type, timestamp_event, created_at\n        FROM attendance\n        WHERE user_id = '9b1debb1-5e18-45f2-9a9b-2873d494a54b' AND event_date = CURRENT_DATE\n        ORDER BY timestamp_event ASC","timestamp":"2026-05-02 00:24:43"}
{"level":"info","message":"🚀 Server running \ton port: 5000","timestamp":"2026-05-02 00:25:53"}
{"level":"info","message":"Redis connected","timestamp":"2026-05-02 00:25:53"}
{"label":"database","level":"debug","message":"Executing (default): SELECT 1+1 AS result","timestamp":"2026-05-02 00:25:53"}
{"level":"info","message":"✅ PostgreSQL connected","timestamp":"2026-05-02 00:25:54"}
{"label":"database","level":"debug","message":"Executing (default): SELECT id, full_name, email, role, created_at FROM users WHERE id = '9b1debb1-5e18-45f2-9a9b-2873d494a54b' LIMIT 1","timestamp":"2026-05-02 00:25:59"}
{"label":"database","level":"debug","message":"Executing (default): SELECT id, event_type, timestamp_event, created_at\n        FROM attendance\n        WHERE user_id = '9b1debb1-5e18-45f2-9a9b-2873d494a54b' AND event_date = CURRENT_DATE\n        ORDER BY timestamp_event ASC","timestamp":"2026-05-02 00:25:59"}
{"label":"database","level":"debug","message":"Executing (3a5cfcb1-5dfa-41d7-b2a8-b00fda95bdce): START TRANSACTION;","timestamp":"2026-05-02 00:30:42"}
{"exp":1777662659,"fullName":"Manoj Santra","iat":1777661759,"level":"info","message":"user: ","role":"employee","timestamp":"2026-05-02 00:30:42","userId":"9b1debb1-5e18-45f2-9a9b-2873d494a54b"}
{"label":"database","level":"debug","message":"Executing (3a5cfcb1-5dfa-41d7-b2a8-b00fda95bdce): SELECT\n  id,\n  name,\n  lat,\n  lng,\n  radius,\n  office_address,\n  distance_threshold,\n  time_interval_ms,\n  polling_interval,\n  working_start,\n  working_end,\n  working_days,\n  created_at,\n  updated_at\nFROM office_settings\nLIMIT 1","timestamp":"2026-05-02 00:30:42"}
{"label":"database","level":"debug","message":"Executing (3a5cfcb1-5dfa-41d7-b2a8-b00fda95bdce): COMMIT;","timestamp":"2026-05-02 00:30:42"}
{"label":"database","level":"debug","message":"Executing (default): SELECT id, event_type, timestamp_event, created_at\n        FROM attendance\n        WHERE user_id = '9b1debb1-5e18-45f2-9a9b-2873d494a54b' AND event_date = CURRENT_DATE\n        ORDER BY timestamp_event ASC","timestamp":"2026-05-02 00:30:44"}
{"level":"info","message":"🚀 Server running \ton port: 5000","timestamp":"2026-05-02 00:31:27"}
{"level":"info","message":"Redis connected","timestamp":"2026-05-02 00:31:27"}
{"label":"database","level":"debug","message":"Executing (default): SELECT 1+1 AS result","timestamp":"2026-05-02 00:31:27"}
{"level":"info","message":"✅ PostgreSQL connected","timestamp":"2026-05-02 00:31:27"}
{"label":"database","level":"debug","message":"Executing (c22ae4f0-22c2-4c17-ab7b-3999795d12e6): START TRANSACTION;","timestamp":"2026-05-02 00:31:37"}
{"exp":1777662659,"fullName":"Manoj Santra","iat":1777661759,"level":"info","message":"user: ","role":"employee","timestamp":"2026-05-02 00:31:37","userId":"9b1debb1-5e18-45f2-9a9b-2873d494a54b"}
{"label":"database","level":"debug","message":"Executing (c22ae4f0-22c2-4c17-ab7b-3999795d12e6): SELECT\n  id,\n  name,\n  lat,\n  lng,\n  radius,\n  office_address,\n  distance_threshold,\n  time_interval_ms,\n  polling_interval,\n  working_start,\n  working_end,\n  working_days,\n  created_at,\n  updated_at\nFROM office_settings\nLIMIT 1","timestamp":"2026-05-02 00:31:37"}
{"label":"database","level":"debug","message":"Executing (c22ae4f0-22c2-4c17-ab7b-3999795d12e6): COMMIT;","timestamp":"2026-05-02 00:31:37"}
{"label":"database","level":"debug","message":"Executing (default): SELECT id, event_type, timestamp_event, created_at\n        FROM attendance\n        WHERE user_id = '9b1debb1-5e18-45f2-9a9b-2873d494a54b' AND event_date = CURRENT_DATE\n        ORDER BY timestamp_event ASC","timestamp":"2026-05-02 00:31:39"}
{"level":"info","message":"🚀 Server running \ton port: 5000","timestamp":"2026-05-02 00:33:47"}
{"level":"info","message":"Redis connected","timestamp":"2026-05-02 00:33:47"}
{"label":"database","level":"debug","message":"Executing (default): SELECT 1+1 AS result","timestamp":"2026-05-02 00:33:48"}
{"level":"info","message":"✅ PostgreSQL connected","timestamp":"2026-05-02 00:33:48"}
{"level":"info","message":"🚀 Server running \ton port: 5000","timestamp":"2026-05-02 00:34:00"}
{"level":"info","message":"Redis connected","timestamp":"2026-05-02 00:34:00"}
{"label":"database","level":"debug","message":"Executing (default): SELECT 1+1 AS result","timestamp":"2026-05-02 00:34:01"}
{"level":"info","message":"✅ PostgreSQL connected","timestamp":"2026-05-02 00:34:01"}
{"level":"info","message":"🚀 Server running \ton port: 5000","timestamp":"2026-05-02 00:34:06"}
{"level":"info","message":"Redis connected","timestamp":"2026-05-02 00:34:06"}
{"label":"database","level":"debug","message":"Executing (default): SELECT 1+1 AS result","timestamp":"2026-05-02 00:34:07"}
{"level":"info","message":"✅ PostgreSQL connected","timestamp":"2026-05-02 00:34:07"}
{"level":"info","message":"🚀 Server running \ton port: 5000","timestamp":"2026-05-02 00:39:36"}
{"level":"info","message":"Redis connected","timestamp":"2026-05-02 00:39:36"}
{"label":"database","level":"debug","message":"Executing (default): SELECT 1+1 AS result","timestamp":"2026-05-02 00:39:37"}
{"level":"info","message":"✅ PostgreSQL connected","timestamp":"2026-05-02 00:39:37"}
{"label":"database","level":"debug","message":"Executing (9ceae1d1-d760-43fc-9970-2a57af081007): START TRANSACTION;","timestamp":"2026-05-02 00:39:39"}
{"exp":1777662659,"fullName":"Manoj Santra","iat":1777661759,"level":"info","message":"user: ","role":"employee","timestamp":"2026-05-02 00:39:39","userId":"9b1debb1-5e18-45f2-9a9b-2873d494a54b"}
{"label":"database","level":"debug","message":"Executing (9ceae1d1-d760-43fc-9970-2a57af081007): SELECT\n  id,\n  name,\n  lat,\n  lng,\n  radius,\n  office_address,\n  distance_threshold,\n  time_interval_ms,\n  polling_interval,\n  working_start,\n  working_end,\n  working_days,\n  created_at,\n  updated_at\nFROM office_settings\nLIMIT 1","timestamp":"2026-05-02 00:39:39"}
{"label":"database","level":"debug","message":"Executing (9ceae1d1-d760-43fc-9970-2a57af081007): COMMIT;","timestamp":"2026-05-02 00:39:39"}
{"label":"database","level":"debug","message":"Executing (default): SELECT id, event_type, timestamp_event, created_at\n        FROM attendance\n        WHERE user_id = '9b1debb1-5e18-45f2-9a9b-2873d494a54b' AND AND event_date = (CURRENT_TIMESTAMP AT TIME ZONE 'Asia/Kolkata')::date\n        ORDER BY timestamp_event ASC","timestamp":"2026-05-02 00:39:40"}
{"level":"info","message":"🚀 Server running \ton port: 5000","timestamp":"2026-05-02 00:43:14"}
{"level":"info","message":"Redis connected","timestamp":"2026-05-02 00:43:14"}
{"label":"database","level":"debug","message":"Executing (default): SELECT 1+1 AS result","timestamp":"2026-05-02 00:43:15"}
{"level":"info","message":"✅ PostgreSQL connected","timestamp":"2026-05-02 00:43:15"}
{"label":"database","level":"debug","message":"Executing (default): SELECT id, full_name, email, role, created_at FROM users WHERE id = '9b1debb1-5e18-45f2-9a9b-2873d494a54b' LIMIT 1","timestamp":"2026-05-02 00:44:16"}
{"label":"database","level":"debug","message":"Executing (c2d20f1f-c128-4f8e-93a1-718a11285bf4): START TRANSACTION;","timestamp":"2026-05-02 00:44:17"}
{"exp":1777663756,"fullName":"Manoj Santra","iat":1777662856,"level":"info","message":"user: ","role":"employee","timestamp":"2026-05-02 00:44:17","userId":"9b1debb1-5e18-45f2-9a9b-2873d494a54b"}
{"label":"database","level":"debug","message":"Executing (c2d20f1f-c128-4f8e-93a1-718a11285bf4): SELECT\n  id,\n  name,\n  lat,\n  lng,\n  radius,\n  office_address,\n  distance_threshold,\n  time_interval_ms,\n  polling_interval,\n  working_start,\n  working_end,\n  working_days,\n  created_at,\n  updated_at\nFROM office_settings\nLIMIT 1","timestamp":"2026-05-02 00:44:17"}
{"label":"database","level":"debug","message":"Executing (c2d20f1f-c128-4f8e-93a1-718a11285bf4): COMMIT;","timestamp":"2026-05-02 00:44:17"}
{"label":"database","level":"debug","message":"Executing (default): SELECT id, event_type, timestamp_event, created_at\n        FROM attendance\n        WHERE user_id = '9b1debb1-5e18-45f2-9a9b-2873d494a54b' AND AND event_date = (CURRENT_TIMESTAMP AT TIME ZONE 'Asia/Kolkata')::date\n        ORDER BY timestamp_event ASC","timestamp":"2026-05-02 00:44:18"}
{"level":"info","message":"🚀 Server running \ton port: 5000","timestamp":"2026-05-02 00:44:56"}
{"level":"info","message":"Redis connected","timestamp":"2026-05-02 00:44:56"}
{"label":"database","level":"debug","message":"Executing (default): SELECT 1+1 AS result","timestamp":"2026-05-02 00:44:57"}
{"level":"info","message":"✅ PostgreSQL connected","timestamp":"2026-05-02 00:44:57"}
{"level":"info","message":"🚀 Server running \ton port: 5000","timestamp":"2026-05-02 00:46:13"}
{"level":"info","message":"Redis connected","timestamp":"2026-05-02 00:46:13"}
{"label":"database","level":"debug","message":"Executing (default): SELECT 1+1 AS result","timestamp":"2026-05-02 00:46:13"}
{"level":"info","message":"✅ PostgreSQL connected","timestamp":"2026-05-02 00:46:13"}
{"level":"info","message":"🚀 Server running \ton port: 5000","timestamp":"2026-05-02 00:46:29"}
{"level":"info","message":"Redis connected","timestamp":"2026-05-02 00:46:30"}
{"label":"database","level":"debug","message":"Executing (default): SELECT 1+1 AS result","timestamp":"2026-05-02 00:46:30"}
{"level":"info","message":"✅ PostgreSQL connected","timestamp":"2026-05-02 00:46:30"}
{"level":"info","message":"🚀 Server running \ton port: 5000","timestamp":"2026-05-02 00:46:39"}
{"level":"info","message":"Redis connected","timestamp":"2026-05-02 00:46:39"}
{"label":"database","level":"debug","message":"Executing (default): SELECT 1+1 AS result","timestamp":"2026-05-02 00:46:39"}
{"level":"info","message":"✅ PostgreSQL connected","timestamp":"2026-05-02 00:46:39"}
{"label":"database","level":"debug","message":"Executing (default): SELECT id, event_type, timestamp_event, created_at\n        FROM attendance\n        WHERE user_id = '9b1debb1-5e18-45f2-9a9b-2873d494a54b'  AND  and event_date = (CURRENT_TIMESTAMP AT TIME ZONE 'Asia/Kolkata')::date\n        ORDER BY timestamp_event ASC","timestamp":"2026-05-02 00:46:40"}
{"err":{"name":"SequelizeDatabaseError","original":{"code":"42601","file":"scan.l","length":93,"line":"1176","name":"error","position":"145","routine":"scanner_yyerror","severity":"ERROR","sql":"SELECT id, event_type, timestamp_event, created_at\n        FROM attendance\n        WHERE user_id = '9b1debb1-5e18-45f2-9a9b-2873d494a54b'  AND  and event_date = (CURRENT_TIMESTAMP AT TIME ZONE 'Asia/Kolkata')::date\n        ORDER BY timestamp_event ASC"},"parameters":{},"parent":{"code":"42601","file":"scan.l","length":93,"line":"1176","name":"error","position":"145","routine":"scanner_yyerror","severity":"ERROR","sql":"SELECT id, event_type, timestamp_event, created_at\n        FROM attendance\n        WHERE user_id = '9b1debb1-5e18-45f2-9a9b-2873d494a54b'  AND  and event_date = (CURRENT_TIMESTAMP AT TIME ZONE 'Asia/Kolkata')::date\n        ORDER BY timestamp_event ASC"},"sql":"SELECT id, event_type, timestamp_event, created_at\n        FROM attendance\n        WHERE user_id = '9b1debb1-5e18-45f2-9a9b-2873d494a54b'  AND  and event_date = (CURRENT_TIMESTAMP AT TIME ZONE 'Asia/Kolkata')::date\n        ORDER BY timestamp_event ASC"},"level":"error","message":"error: ","req":{"_consuming":false,"_dumped":false,"_events":{},"_parsedUrl":{"_raw":"/api/attendance/today","auth":null,"hash":null,"host":null,"hostname":null,"href":"/api/attendance/today","path":"/api/attendance/today","pathname":"/api/attendance/today","port":null,"protocol":null,"query":null,"search":null,"slashes":null},"_readableState":{"awaitDrainWriters":null,"buffer":[],"bufferIndex":0,"highWaterMark":16384,"length":0,"pipes":[]},"_remoteAddress":"127.0.0.1","_startAt":[169980,686013500],"_startTime":"2026-05-01T19:16:40.781Z","aborted":false,"baseUrl":"","body":{},"client":{"_closeAfterHandlingError":false,"_events":{"close":[null,null,null],"end":[null,null],"error":[null,null]},"_eventsCount":8,"_hadError":false,"_host":null,"_httpMessage":{"_closed":false,"_contentLength":null,"_defaultKeepAlive":true,"_events":{"finish":[null,null]},"_eventsCount":2,"_expect_continue":false,"_hasBody":true,"_header":null,"_headerSent":false,"_keepAliveTimeout":5000,"_last":false,"_maxRequestsPerSocket":0,"_removedConnection":false,"_removedContLen":false,"_removedTE":false,"_sent100":false,"_trailer":"","chunkedEncoding":false,"destroyed":false,"finished":false,"locals":{},"maxRequestsOnConnectionReached":false,"outputData":[],"outputSize":0,"req":"[Circular]","sendDate":true,"shouldKeepAlive":true,"strictContentLength":false,"useChunkedEncodingByDefault":true,"writable":true},"_parent":null,"_paused":false,"_peername":{"address":"127.0.0.1","family":"IPv4","port":62840},"_pendingData":null,"_pendingEncoding":"","_readableState":{"awaitDrainWriters":null,"buffer":[],"bufferIndex":0,"highWaterMark":16384,"length":0,"pipes":[]},"_server":{"_connectionKey":"4:0.0.0.0:5000","_connections":1,"_events":{},"_eventsCount":3,"_handle":{"reading":false},"_listeningId":2,"_unref":false,"_usingWorkers":false,"_workers":[],"allowHalfOpen":true,"connectionsCheckingInterval":30000,"headersTimeout":60000,"highWaterMark":16384,"httpAllowHalfOpen":false,"keepAlive":false,"keepAliveInitialDelay":0,"keepAliveTimeout":5000,"keepAliveTimeoutBuffer":1000,"maxHeadersCount":null,"maxRequestsPerSocket":0,"noDelay":true,"pauseOnConnect":false,"rejectNonStandardBodyWrites":false,"requestTimeout":300000,"requireHostHeader":true,"timeout":0},"_sockname":null,"_writableState":{"bufferedIndex":0,"corked":0,"highWaterMark":16384,"length":0,"pendingcb":0,"writelen":0},"allowHalfOpen":true,"connecting":false,"parser":{"0":null,"_consumed":true,"_headers":[],"_url":"","incoming":"[Circular]","joinDuplicateHeaders":null,"maxHeaderPairs":2000,"outgoing":null,"socket":"[Circular]"},"server":{"_connectionKey":"4:0.0.0.0:5000","_connections":1,"_events":{},"_eventsCount":3,"_handle":{"reading":false},"_listeningId":2,"_unref":false,"_usingWorkers":false,"_workers":[],"allowHalfOpen":true,"connectionsCheckingInterval":30000,"headersTimeout":60000,"highWaterMark":16384,"httpAllowHalfOpen":false,"keepAlive":false,"keepAliveInitialDelay":0,"keepAliveTimeout":5000,"keepAliveTimeoutBuffer":1000,"maxHeadersCount":null,"maxRequestsPerSocket":0,"noDelay":true,"pauseOnConnect":false,"rejectNonStandardBodyWrites":false,"requestTimeout":300000,"requireHostHeader":true,"timeout":0}},"complete":true,"cookies":{},"httpVersion":"1.1","httpVersionMajor":1,"httpVersionMinor":1,"joinDuplicateHeaders":null,"method":"GET","originalUrl":"/api/attendance/today","params":{},"query":{},"rawHeaders":["accept","application/json, text/plain, */*","authorization","Bearer eyJhbGciOiJIUzI1NiIsInR5cCI6IkpXVCJ9.eyJ1c2VySWQiOiI5YjFkZWJiMS01ZTE4LTQ1ZjItOWE5Yi0yODczZDQ5NGE1NGIiLCJyb2xlIjoiZW1wbG95ZWUiLCJmdWxsTmFtZSI6Ik1hbm9qIFNhbnRyYSIsImlhdCI6MTc3NzY2Mjg1NiwiZXhwIjoxNzc3NjYzNzU2fQ.it_sA7q9AqTit6P2Z2f7kOio2A4qEyTIEZVPOU9-sh4","Host","localhost:5000","Connection","Keep-Alive","Accept-Encoding","gzip","User-Agent","okhttp/4.9.2","If-None-Match","W/\"b3a-TMvV8rj/YqpQHWegNUPb3he4vgk\""],"rawTrailers":[],"res":{"_closed":false,"_contentLength":null,"_defaultKeepAlive":true,"_events":{"finish":[null,null]},"_eventsCount":2,"_expect_continue":false,"_hasBody":true,"_header":null,"_headerSent":false,"_keepAliveTimeout":5000,"_last":false,"_maxRequestsPerSocket":0,"_removedConnection":false,"_removedContLen":false,"_removedTE":false,"_sent100":false,"_trailer":"","chunkedEncoding":false,"destroyed":false,"finished":false,"locals":{},"maxRequestsOnConnectionReached":false,"outputData":[],"outputSize":0,"req":"[Circular]","sendDate":true,"shouldKeepAlive":true,"strictContentLength":false,"useChunkedEncodingByDefault":true,"writable":true},"route":{"methods":{"get":true},"path":"/attendance/today","stack":[{"keys":[],"method":"get","name":"authenticate","regexp":{"fast_slash":false,"fast_star":false}},{"keys":[],"method":"get","name":"getToday","regexp":{"fast_slash":false,"fast_star":false}}]},"signedCookies":{},"socket":{"_closeAfterHandlingError":false,"_events":{"close":[null,null,null],"end":[null,null],"error":[null,null]},"_eventsCount":8,"_hadError":false,"_host":null,"_httpMessage":{"_closed":false,"_contentLength":null,"_defaultKeepAlive":true,"_events":{"finish":[null,null]},"_eventsCount":2,"_expect_continue":false,"_hasBody":true,"_header":null,"_headerSent":false,"_keepAliveTimeout":5000,"_last":false,"_maxRequestsPerSocket":0,"_removedConnection":false,"_removedContLen":false,"_removedTE":false,"_sent100":false,"_trailer":"","chunkedEncoding":false,"destroyed":false,"finished":false,"locals":{},"maxRequestsOnConnectionReached":false,"outputData":[],"outputSize":0,"req":"[Circular]","sendDate":true,"shouldKeepAlive":true,"strictContentLength":false,"useChunkedEncodingByDefault":true,"writable":true},"_parent":null,"_paused":false,"_peername":{"address":"127.0.0.1","family":"IPv4","port":62840},"_pendingData":null,"_pendingEncoding":"","_readableState":{"awaitDrainWriters":null,"buffer":[],"bufferIndex":0,"highWaterMark":16384,"length":0,"pipes":[]},"_server":{"_connectionKey":"4:0.0.0.0:5000","_connections":1,"_events":{},"_eventsCount":3,"_handle":{"reading":false},"_listeningId":2,"_unref":false,"_usingWorkers":false,"_workers":[],"allowHalfOpen":true,"connectionsCheckingInterval":30000,"headersTimeout":60000,"highWaterMark":16384,"httpAllowHalfOpen":false,"keepAlive":false,"keepAliveInitialDelay":0,"keepAliveTimeout":5000,"keepAliveTimeoutBuffer":1000,"maxHeadersCount":null,"maxRequestsPerSocket":0,"noDelay":true,"pauseOnConnect":false,"rejectNonStandardBodyWrites":false,"requestTimeout":300000,"requireHostHeader":true,"timeout":0},"_sockname":null,"_writableState":{"bufferedIndex":0,"corked":0,"highWaterMark":16384,"length":0,"pendingcb":0,"writelen":0},"allowHalfOpen":true,"connecting":false,"parser":{"0":null,"_consumed":true,"_headers":[],"_url":"","incoming":"[Circular]","joinDuplicateHeaders":null,"maxHeaderPairs":2000,"outgoing":null,"socket":"[Circular]"},"server":{"_connectionKey":"4:0.0.0.0:5000","_connections":1,"_events":{},"_eventsCount":3,"_handle":{"reading":false},"_listeningId":2,"_unref":false,"_usingWorkers":false,"_workers":[],"allowHalfOpen":true,"connectionsCheckingInterval":30000,"headersTimeout":60000,"highWaterMark":16384,"httpAllowHalfOpen":false,"keepAlive":false,"keepAliveInitialDelay":0,"keepAliveTimeout":5000,"keepAliveTimeoutBuffer":1000,"maxHeadersCount":null,"maxRequestsPerSocket":0,"noDelay":true,"pauseOnConnect":false,"rejectNonStandardBodyWrites":false,"requestTimeout":300000,"requireHostHeader":true,"timeout":0}},"statusCode":null,"statusMessage":null,"upgrade":false,"url":"/api/attendance/today","user":{"exp":1777663756,"fullName":"Manoj Santra","iat":1777662856,"role":"employee","userId":"9b1debb1-5e18-45f2-9a9b-2873d494a54b"}},"res":{"_closed":false,"_contentLength":null,"_defaultKeepAlive":true,"_events":{"finish":[null,null]},"_eventsCount":2,"_expect_continue":false,"_hasBody":true,"_header":null,"_headerSent":false,"_keepAliveTimeout":5000,"_last":false,"_maxRequestsPerSocket":0,"_removedConnection":false,"_removedContLen":false,"_removedTE":false,"_sent100":false,"_trailer":"","chunkedEncoding":false,"destroyed":false,"finished":false,"locals":{},"maxRequestsOnConnectionReached":false,"outputData":[],"outputSize":0,"req":{"_consuming":false,"_dumped":false,"_events":{},"_parsedUrl":{"_raw":"/api/attendance/today","auth":null,"hash":null,"host":null,"hostname":null,"href":"/api/attendance/today","path":"/api/attendance/today","pathname":"/api/attendance/today","port":null,"protocol":null,"query":null,"search":null,"slashes":null},"_readableState":{"awaitDrainWriters":null,"buffer":[],"bufferIndex":0,"highWaterMark":16384,"length":0,"pipes":[]},"_remoteAddress":"127.0.0.1","_startAt":[169980,686013500],"_startTime":"2026-05-01T19:16:40.781Z","aborted":false,"baseUrl":"","body":{},"client":{"_closeAfterHandlingError":false,"_events":{"close":[null,null,null],"end":[null,null],"error":[null,null]},"_eventsCount":8,"_hadError":false,"_host":null,"_httpMessage":"[Circular]","_parent":null,"_paused":false,"_peername":{"address":"127.0.0.1","family":"IPv4","port":62840},"_pendingData":null,"_pendingEncoding":"","_readableState":{"awaitDrainWriters":null,"buffer":[],"bufferIndex":0,"highWaterMark":16384,"length":0,"pipes":[]},"_server":{"_connectionKey":"4:0.0.0.0:5000","_connections":1,"_events":{},"_eventsCount":3,"_handle":{"reading":false},"_listeningId":2,"_unref":false,"_usingWorkers":false,"_workers":[],"allowHalfOpen":true,"connectionsCheckingInterval":30000,"headersTimeout":60000,"highWaterMark":16384,"httpAllowHalfOpen":false,"keepAlive":false,"keepAliveInitialDelay":0,"keepAliveTimeout":5000,"keepAliveTimeoutBuffer":1000,"maxHeadersCount":null,"maxRequestsPerSocket":0,"noDelay":true,"pauseOnConnect":false,"rejectNonStandardBodyWrites":false,"requestTimeout":300000,"requireHostHeader":true,"timeout":0},"_sockname":null,"_writableState":{"bufferedIndex":0,"corked":0,"highWaterMark":16384,"length":0,"pendingcb":0,"writelen":0},"allowHalfOpen":true,"connecting":false,"parser":{"0":null,"_consumed":true,"_headers":[],"_url":"","incoming":"[Circular]","joinDuplicateHeaders":null,"maxHeaderPairs":2000,"outgoing":null,"socket":"[Circular]"},"server":{"_connectionKey":"4:0.0.0.0:5000","_connections":1,"_events":{},"_eventsCount":3,"_handle":{"reading":false},"_listeningId":2,"_unref":false,"_usingWorkers":false,"_workers":[],"allowHalfOpen":true,"connectionsCheckingInterval":30000,"headersTimeout":60000,"highWaterMark":16384,"httpAllowHalfOpen":false,"keepAlive":false,"keepAliveInitialDelay":0,"keepAliveTimeout":5000,"keepAliveTimeoutBuffer":1000,"maxHeadersCount":null,"maxRequestsPerSocket":0,"noDelay":true,"pauseOnConnect":false,"rejectNonStandardBodyWrites":false,"requestTimeout":300000,"requireHostHeader":true,"timeout":0}},"complete":true,"cookies":{},"httpVersion":"1.1","httpVersionMajor":1,"httpVersionMinor":1,"joinDuplicateHeaders":null,"method":"GET","originalUrl":"/api/attendance/today","params":{},"query":{},"rawHeaders":["accept","application/json, text/plain, */*","authorization","Bearer eyJhbGciOiJIUzI1NiIsInR5cCI6IkpXVCJ9.eyJ1c2VySWQiOiI5YjFkZWJiMS01ZTE4LTQ1ZjItOWE5Yi0yODczZDQ5NGE1NGIiLCJyb2xlIjoiZW1wbG95ZWUiLCJmdWxsTmFtZSI6Ik1hbm9qIFNhbnRyYSIsImlhdCI6MTc3NzY2Mjg1NiwiZXhwIjoxNzc3NjYzNzU2fQ.it_sA7q9AqTit6P2Z2f7kOio2A4qEyTIEZVPOU9-sh4","Host","localhost:5000","Connection","Keep-Alive","Accept-Encoding","gzip","User-Agent","okhttp/4.9.2","If-None-Match","W/\"b3a-TMvV8rj/YqpQHWegNUPb3he4vgk\""],"rawTrailers":[],"res":"[Circular]","route":{"methods":{"get":true},"path":"/attendance/today","stack":[{"keys":[],"method":"get","name":"authenticate","regexp":{"fast_slash":false,"fast_star":false}},{"keys":[],"method":"get","name":"getToday","regexp":{"fast_slash":false,"fast_star":false}}]},"signedCookies":{},"socket":{"_closeAfterHandlingError":false,"_events":{"close":[null,null,null],"end":[null,null],"error":[null,null]},"_eventsCount":8,"_hadError":false,"_host":null,"_httpMessage":"[Circular]","_parent":null,"_paused":false,"_peername":{"address":"127.0.0.1","family":"IPv4","port":62840},"_pendingData":null,"_pendingEncoding":"","_readableState":{"awaitDrainWriters":null,"buffer":[],"bufferIndex":0,"highWaterMark":16384,"length":0,"pipes":[]},"_server":{"_connectionKey":"4:0.0.0.0:5000","_connections":1,"_events":{},"_eventsCount":3,"_handle":{"reading":false},"_listeningId":2,"_unref":false,"_usingWorkers":false,"_workers":[],"allowHalfOpen":true,"connectionsCheckingInterval":30000,"headersTimeout":60000,"highWaterMark":16384,"httpAllowHalfOpen":false,"keepAlive":false,"keepAliveInitialDelay":0,"keepAliveTimeout":5000,"keepAliveTimeoutBuffer":1000,"maxHeadersCount":null,"maxRequestsPerSocket":0,"noDelay":true,"pauseOnConnect":false,"rejectNonStandardBodyWrites":false,"requestTimeout":300000,"requireHostHeader":true,"timeout":0},"_sockname":null,"_writableState":{"bufferedIndex":0,"corked":0,"highWaterMark":16384,"length":0,"pendingcb":0,"writelen":0},"allowHalfOpen":true,"connecting":false,"parser":{"0":null,"_consumed":true,"_headers":[],"_url":"","incoming":"[Circular]","joinDuplicateHeaders":null,"maxHeaderPairs":2000,"outgoing":null,"socket":"[Circular]"},"server":{"_connectionKey":"4:0.0.0.0:5000","_connections":1,"_events":{},"_eventsCount":3,"_handle":{"reading":false},"_listeningId":2,"_unref":false,"_usingWorkers":false,"_workers":[],"allowHalfOpen":true,"connectionsCheckingInterval":30000,"headersTimeout":60000,"highWaterMark":16384,"httpAllowHalfOpen":false,"keepAlive":false,"keepAliveInitialDelay":0,"keepAliveTimeout":5000,"keepAliveTimeoutBuffer":1000,"maxHeadersCount":null,"maxRequestsPerSocket":0,"noDelay":true,"pauseOnConnect":false,"rejectNonStandardBodyWrites":false,"requestTimeout":300000,"requireHostHeader":true,"timeout":0}},"statusCode":null,"statusMessage":null,"upgrade":false,"url":"/api/attendance/today","user":{"exp":1777663756,"fullName":"Manoj Santra","iat":1777662856,"role":"employee","userId":"9b1debb1-5e18-45f2-9a9b-2873d494a54b"}},"sendDate":true,"shouldKeepAlive":true,"strictContentLength":false,"useChunkedEncodingByDefault":true,"writable":true},"timestamp":"2026-05-02 00:46:40"}
{"level":"info","message":"🚀 Server running \ton port: 5000","timestamp":"2026-05-02 00:48:35"}
{"level":"info","message":"Redis connected","timestamp":"2026-05-02 00:48:35"}
{"label":"database","level":"debug","message":"Executing (default): SELECT 1+1 AS result","timestamp":"2026-05-02 00:48:35"}
{"level":"info","message":"✅ PostgreSQL connected","timestamp":"2026-05-02 00:48:35"}
{"level":"info","message":"🚀 Server running \ton port: 5000","timestamp":"2026-05-02 00:48:44"}
{"level":"info","message":"Redis connected","timestamp":"2026-05-02 00:48:44"}
{"label":"database","level":"debug","message":"Executing (default): SELECT 1+1 AS result","timestamp":"2026-05-02 00:48:45"}
{"level":"info","message":"✅ PostgreSQL connected","timestamp":"2026-05-02 00:48:45"}
{"level":"info","message":"🚀 Server running \ton port: 5000","timestamp":"2026-05-02 00:49:02"}
{"level":"info","message":"Redis connected","timestamp":"2026-05-02 00:49:02"}
{"label":"database","level":"debug","message":"Executing (default): SELECT 1+1 AS result","timestamp":"2026-05-02 00:49:02"}
{"level":"info","message":"✅ PostgreSQL connected","timestamp":"2026-05-02 00:49:02"}
{"label":"database","level":"debug","message":"Executing (default): SELECT id, event_type, timestamp_event, created_at\n        FROM attendance\n        WHERE user_id = '9b1debb1-5e18-45f2-9a9b-2873d494a54b'  AND  and event_date = (CURRENT_TIMESTAMP AT TIME ZONE 'Asia/Kolkata')::date\n        ORDER BY timestamp_event ASC","timestamp":"2026-05-02 00:49:06"}
{"level":"error","message":"error:  syntax error at or near \"and\"","name":"SequelizeDatabaseError","original":{"code":"42601","file":"scan.l","length":93,"line":"1176","name":"error","position":"145","routine":"scanner_yyerror","severity":"ERROR","sql":"SELECT id, event_type, timestamp_event, created_at\n        FROM attendance\n        WHERE user_id = '9b1debb1-5e18-45f2-9a9b-2873d494a54b'  AND  and event_date = (CURRENT_TIMESTAMP AT TIME ZONE 'Asia/Kolkata')::date\n        ORDER BY timestamp_event ASC"},"parameters":{},"parent":{"code":"42601","file":"scan.l","length":93,"line":"1176","name":"error","position":"145","routine":"scanner_yyerror","severity":"ERROR","sql":"SELECT id, event_type, timestamp_event, created_at\n        FROM attendance\n        WHERE user_id = '9b1debb1-5e18-45f2-9a9b-2873d494a54b'  AND  and event_date = (CURRENT_TIMESTAMP AT TIME ZONE 'Asia/Kolkata')::date\n        ORDER BY timestamp_event ASC"},"sql":"SELECT id, event_type, timestamp_event, created_at\n        FROM attendance\n        WHERE user_id = '9b1debb1-5e18-45f2-9a9b-2873d494a54b'  AND  and event_date = (CURRENT_TIMESTAMP AT TIME ZONE 'Asia/Kolkata')::date\n        ORDER BY timestamp_event ASC","stack":"Error\n    at Query.run (C:\\Users\\santr\\attendSphere\\node_modules\\sequelize\\src\\dialects\\postgres\\query.js:76:25)\n    at C:\\Users\\santr\\attendSphere\\node_modules\\sequelize\\src\\sequelize.js:650:28\n    at processTicksAndRejections (node:internal/process/task_queues:105:5)\n    at async executeQuery (C:\\Users\\santr\\attendSphere\\src\\utils\\executeQuery.util.ts:15:17)\n    at async Function.getToday (C:\\Users\\santr\\attendSphere\\src\\http\\services\\attendance.service.ts:11:18)\n    at async getToday (C:\\Users\\santr\\attendSphere\\src\\http\\controllers\\attendance.controller.ts:30:17)","timestamp":"2026-05-02 00:49:06"}
{"label":"database","level":"debug","message":"Executing (default): SELECT id, event_type, timestamp_event, created_at\n        FROM attendance\n        WHERE user_id = '9b1debb1-5e18-45f2-9a9b-2873d494a54b'  AND  and event_date = (CURRENT_TIMESTAMP AT TIME ZONE 'Asia/Kolkata')::date\n        ORDER BY timestamp_event ASC","timestamp":"2026-05-02 00:49:44"}
{"level":"error","message":"error:  syntax error at or near \"and\"","name":"SequelizeDatabaseError","original":{"code":"42601","file":"scan.l","length":93,"line":"1176","name":"error","position":"145","routine":"scanner_yyerror","severity":"ERROR","sql":"SELECT id, event_type, timestamp_event, created_at\n        FROM attendance\n        WHERE user_id = '9b1debb1-5e18-45f2-9a9b-2873d494a54b'  AND  and event_date = (CURRENT_TIMESTAMP AT TIME ZONE 'Asia/Kolkata')::date\n        ORDER BY timestamp_event ASC"},"parameters":{},"parent":{"code":"42601","file":"scan.l","length":93,"line":"1176","name":"error","position":"145","routine":"scanner_yyerror","severity":"ERROR","sql":"SELECT id, event_type, timestamp_event, created_at\n        FROM attendance\n        WHERE user_id = '9b1debb1-5e18-45f2-9a9b-2873d494a54b'  AND  and event_date = (CURRENT_TIMESTAMP AT TIME ZONE 'Asia/Kolkata')::date\n        ORDER BY timestamp_event ASC"},"sql":"SELECT id, event_type, timestamp_event, created_at\n        FROM attendance\n        WHERE user_id = '9b1debb1-5e18-45f2-9a9b-2873d494a54b'  AND  and event_date = (CURRENT_TIMESTAMP AT TIME ZONE 'Asia/Kolkata')::date\n        ORDER BY timestamp_event ASC","stack":"Error\n    at Query.run (C:\\Users\\santr\\attendSphere\\node_modules\\sequelize\\src\\dialects\\postgres\\query.js:76:25)\n    at C:\\Users\\santr\\attendSphere\\node_modules\\sequelize\\src\\sequelize.js:650:28\n    at processTicksAndRejections (node:internal/process/task_queues:105:5)\n    at async executeQuery (C:\\Users\\santr\\attendSphere\\src\\utils\\executeQuery.util.ts:15:17)\n    at async Function.getToday (C:\\Users\\santr\\attendSphere\\src\\http\\services\\attendance.service.ts:11:18)\n    at async getToday (C:\\Users\\santr\\attendSphere\\src\\http\\controllers\\attendance.controller.ts:30:17)","timestamp":"2026-05-02 00:49:44"}
{"label":"database","level":"debug","message":"Executing (default): SELECT id, event_type, timestamp_event, created_at\n        FROM attendance\n        WHERE user_id = '9b1debb1-5e18-45f2-9a9b-2873d494a54b'  AND  and event_date = (CURRENT_TIMESTAMP AT TIME ZONE 'Asia/Kolkata')::date\n        ORDER BY timestamp_event ASC","timestamp":"2026-05-02 00:49:48"}
{"level":"error","message":"error:  syntax error at or near \"and\"","name":"SequelizeDatabaseError","original":{"code":"42601","file":"scan.l","length":93,"line":"1176","name":"error","position":"145","routine":"scanner_yyerror","severity":"ERROR","sql":"SELECT id, event_type, timestamp_event, created_at\n        FROM attendance\n        WHERE user_id = '9b1debb1-5e18-45f2-9a9b-2873d494a54b'  AND  and event_date = (CURRENT_TIMESTAMP AT TIME ZONE 'Asia/Kolkata')::date\n        ORDER BY timestamp_event ASC"},"parameters":{},"parent":{"code":"42601","file":"scan.l","length":93,"line":"1176","name":"error","position":"145","routine":"scanner_yyerror","severity":"ERROR","sql":"SELECT id, event_type, timestamp_event, created_at\n        FROM attendance\n        WHERE user_id = '9b1debb1-5e18-45f2-9a9b-2873d494a54b'  AND  and event_date = (CURRENT_TIMESTAMP AT TIME ZONE 'Asia/Kolkata')::date\n        ORDER BY timestamp_event ASC"},"sql":"SELECT id, event_type, timestamp_event, created_at\n        FROM attendance\n        WHERE user_id = '9b1debb1-5e18-45f2-9a9b-2873d494a54b'  AND  and event_date = (CURRENT_TIMESTAMP AT TIME ZONE 'Asia/Kolkata')::date\n        ORDER BY timestamp_event ASC","stack":"Error\n    at Query.run (C:\\Users\\santr\\attendSphere\\node_modules\\sequelize\\src\\dialects\\postgres\\query.js:76:25)\n    at C:\\Users\\santr\\attendSphere\\node_modules\\sequelize\\src\\sequelize.js:650:28\n    at processTicksAndRejections (node:internal/process/task_queues:105:5)\n    at async executeQuery (C:\\Users\\santr\\attendSphere\\src\\utils\\executeQuery.util.ts:15:17)\n    at async Function.getToday (C:\\Users\\santr\\attendSphere\\src\\http\\services\\attendance.service.ts:11:18)\n    at async getToday (C:\\Users\\santr\\attendSphere\\src\\http\\controllers\\attendance.controller.ts:30:17)","timestamp":"2026-05-02 00:49:48"}
{"label":"database","level":"debug","message":"Executing (default): SELECT id, event_type, timestamp_event, created_at\n        FROM attendance\n        WHERE user_id = '9b1debb1-5e18-45f2-9a9b-2873d494a54b'  AND  and event_date = (CURRENT_TIMESTAMP AT TIME ZONE 'Asia/Kolkata')::date\n        ORDER BY timestamp_event ASC","timestamp":"2026-05-02 00:50:01"}
{"level":"error","message":"error:  syntax error at or near \"and\"","name":"SequelizeDatabaseError","original":{"code":"42601","file":"scan.l","length":93,"line":"1176","name":"error","position":"145","routine":"scanner_yyerror","severity":"ERROR","sql":"SELECT id, event_type, timestamp_event, created_at\n        FROM attendance\n        WHERE user_id = '9b1debb1-5e18-45f2-9a9b-2873d494a54b'  AND  and event_date = (CURRENT_TIMESTAMP AT TIME ZONE 'Asia/Kolkata')::date\n        ORDER BY timestamp_event ASC"},"parameters":{},"parent":{"code":"42601","file":"scan.l","length":93,"line":"1176","name":"error","position":"145","routine":"scanner_yyerror","severity":"ERROR","sql":"SELECT id, event_type, timestamp_event, created_at\n        FROM attendance\n        WHERE user_id = '9b1debb1-5e18-45f2-9a9b-2873d494a54b'  AND  and event_date = (CURRENT_TIMESTAMP AT TIME ZONE 'Asia/Kolkata')::date\n        ORDER BY timestamp_event ASC"},"sql":"SELECT id, event_type, timestamp_event, created_at\n        FROM attendance\n        WHERE user_id = '9b1debb1-5e18-45f2-9a9b-2873d494a54b'  AND  and event_date = (CURRENT_TIMESTAMP AT TIME ZONE 'Asia/Kolkata')::date\n        ORDER BY timestamp_event ASC","stack":"Error\n    at Query.run (C:\\Users\\santr\\attendSphere\\node_modules\\sequelize\\src\\dialects\\postgres\\query.js:76:25)\n    at C:\\Users\\santr\\attendSphere\\node_modules\\sequelize\\src\\sequelize.js:650:28\n    at processTicksAndRejections (node:internal/process/task_queues:105:5)\n    at async executeQuery (C:\\Users\\santr\\attendSphere\\src\\utils\\executeQuery.util.ts:15:17)\n    at async Function.getToday (C:\\Users\\santr\\attendSphere\\src\\http\\services\\attendance.service.ts:11:18)\n    at async getToday (C:\\Users\\santr\\attendSphere\\src\\http\\controllers\\attendance.controller.ts:30:17)","timestamp":"2026-05-02 00:50:01"}
{"level":"info","message":"🚀 Server running \ton port: 5000","timestamp":"2026-05-02 00:50:24"}
{"level":"info","message":"Redis connected","timestamp":"2026-05-02 00:50:24"}
{"label":"database","level":"debug","message":"Executing (default): SELECT 1+1 AS result","timestamp":"2026-05-02 00:50:24"}
{"level":"info","message":"✅ PostgreSQL connected","timestamp":"2026-05-02 00:50:24"}
{"label":"database","level":"debug","message":"Executing (default): SELECT id, event_type, timestamp_event, created_at\n        FROM attendance\n        WHERE user_id = '9b1debb1-5e18-45f2-9a9b-2873d494a54b'  AND   event_date = (CURRENT_TIMESTAMP AT TIME ZONE 'Asia/Kolkata')::date\n        ORDER BY timestamp_event ASC","timestamp":"2026-05-02 00:50:25"}
{"label":"database","level":"debug","message":"Executing (default): SELECT id, event_type, timestamp_event, created_at\n        FROM attendance\n        WHERE user_id = '9b1debb1-5e18-45f2-9a9b-2873d494a54b'  AND   event_date = (CURRENT_TIMESTAMP AT TIME ZONE 'Asia/Kolkata')::date\n        ORDER BY timestamp_event ASC","timestamp":"2026-05-02 00:50:32"}
{"level":"info","message":"🚀 Server running \ton port: 5000","timestamp":"2026-05-02 00:51:03"}
{"level":"info","message":"Redis connected","timestamp":"2026-05-02 00:51:03"}
{"label":"database","level":"debug","message":"Executing (default): SELECT 1+1 AS result","timestamp":"2026-05-02 00:51:04"}
{"label":"database","level":"debug","message":"Executing (default): SELECT id, event_type, timestamp_event, created_at\n        FROM attendance\n        WHERE user_id = '9b1debb1-5e18-45f2-9a9b-2873d494a54b'  AND   event_date = (CURRENT_TIMESTAMP AT TIME ZONE 'Asia/Kolkata')::date\n        ORDER BY timestamp_event ASC","timestamp":"2026-05-02 00:51:04"}
{"level":"info","message":"✅ PostgreSQL connected","timestamp":"2026-05-02 00:51:04"}
{"label":"database","level":"debug","message":"Executing (default): SELECT id, event_type, timestamp_event, created_at\n        FROM attendance\n        WHERE user_id = '9b1debb1-5e18-45f2-9a9b-2873d494a54b'  AND   event_date = (CURRENT_TIMESTAMP AT TIME ZONE 'Asia/Kolkata')::date\n        ORDER BY timestamp_event ASC","timestamp":"2026-05-02 00:51:45"}
{"level":"info","message":"🚀 Server running \ton port: 5000","timestamp":"2026-05-02 00:54:09"}
{"level":"info","message":"Redis connected","timestamp":"2026-05-02 00:54:09"}
{"label":"database","level":"debug","message":"Executing (default): SELECT 1+1 AS result","timestamp":"2026-05-02 00:54:09"}
{"level":"info","message":"✅ PostgreSQL connected","timestamp":"2026-05-02 00:54:09"}
{"label":"database","level":"debug","message":"Executing (default): SELECT id, event_type, timestamp_event, created_at\n        FROM attendance\n        WHERE user_id = '9b1debb1-5e18-45f2-9a9b-2873d494a54b'  AND   event_date = (CURRENT_TIMESTAMP AT TIME ZONE 'Asia/Kolkata')::date\n        ORDER BY timestamp_event ASC","timestamp":"2026-05-02 00:54:11"}
{"label":"database","level":"debug","message":"Executing (default): SELECT id, event_type, timestamp_event, created_at\n        FROM attendance\n        WHERE user_id = '9b1debb1-5e18-45f2-9a9b-2873d494a54b'  AND   event_date = (CURRENT_TIMESTAMP AT TIME ZONE 'Asia/Kolkata')::date\n        ORDER BY timestamp_event ASC","timestamp":"2026-05-02 00:54:18"}
{"level":"info","message":{"limit":20,"page":1,"userId":"9b1debb1-5e18-45f2-9a9b-2873d494a54b"},"timestamp":"2026-05-02 00:58:02"}
{"label":"database","level":"debug","message":"Executing (default): SELECT id, event_date, event_type, timestamp_event, created_at\n        FROM attendance\n        WHERE user_id = '9b1debb1-5e18-45f2-9a9b-2873d494a54b'\n        ORDER BY event_date DESC, timestamp_event DESC\n        LIMIT 20 OFFSET 0","timestamp":"2026-05-02 00:58:03"}
{"0":{"created_at":"2026-05-01T10:04:04.197Z","event_date":"2026-05-01","event_type":"checkout","id":"c77867b6-9fba-4f46-8430-8ed208db0731","timestamp_event":"2026-05-01T15:34:04.059Z"},"1":{"created_at":"2026-05-01T06:58:55.690Z","event_date":"2026-05-01","event_type":"checkin","id":"10d13587-9c27-42d7-a501-cd701924dec9","timestamp_event":"2026-05-01T12:28:55.725Z"},"10":{"created_at":"2026-05-01T06:34:20.767Z","event_date":"2026-05-01","event_type":"checkout","id":"0b1ad772-6d2e-4a50-ac56-684fc08b5425","timestamp_event":"2026-05-01T12:04:20.857Z"},"11":{"created_at":"2026-05-01T06:34:18.125Z","event_date":"2026-05-01","event_type":"checkin","id":"c18877cb-3fdf-4b93-81d5-6e5f718d1a65","timestamp_event":"2026-05-01T12:04:18.215Z"},"12":{"created_at":"2026-05-01T06:34:16.881Z","event_date":"2026-05-01","event_type":"checkout","id":"45128428-0ea9-4907-bc0d-95e73b5141b1","timestamp_event":"2026-05-01T12:04:16.971Z"},"13":{"created_at":"2026-05-01T06:34:15.111Z","event_date":"2026-05-01","event_type":"checkin","id":"2db59566-c7ff-4765-91cc-74a682a2397f","timestamp_event":"2026-05-01T12:04:15.201Z"},"14":{"created_at":"2026-05-01T06:34:14.678Z","event_date":"2026-05-01","event_type":"checkout","id":"c721c3a5-f02a-4ca4-9985-16cbd80d6bf5","timestamp_event":"2026-05-01T12:04:14.768Z"},"15":{"created_at":"2026-05-01T06:34:13.473Z","event_date":"2026-05-01","event_type":"checkin","id":"02c585be-5545-43cc-9154-bc0ef8894929","timestamp_event":"2026-05-01T12:04:13.563Z"},"16":{"created_at":"2026-05-01T06:34:12.508Z","event_date":"2026-05-01","event_type":"checkout","id":"926e2433-bef4-4bad-b3ff-bc6d3da92489","timestamp_event":"2026-05-01T12:04:12.598Z"},"17":{"created_at":"2026-05-01T05:44:01.451Z","event_date":"2026-05-01","event_type":"checkin","id":"69611c6e-fd30-4d6a-bfa2-92af1eddce5e","timestamp_event":"2026-05-01T11:14:01.695Z"},"2":{"created_at":"2026-05-01T06:57:50.122Z","event_date":"2026-05-01","event_type":"checkout","id":"acfaad9a-cfe3-4b66-9beb-2890a0a53996","timestamp_event":"2026-05-01T12:27:50.159Z"},"3":{"created_at":"2026-05-01T06:57:17.154Z","event_date":"2026-05-01","event_type":"checkin","id":"4534500e-cd83-4e35-8057-f6af49a97d6f","timestamp_event":"2026-05-01T12:27:17.193Z"},"4":{"created_at":"2026-05-01T06:50:32.891Z","event_date":"2026-05-01","event_type":"checkout","id":"d9028b78-c848-458f-b017-051a5c3478b7","timestamp_event":"2026-05-01T12:20:32.943Z"},"5":{"created_at":"2026-05-01T06:49:27.357Z","event_date":"2026-05-01","event_type":"checkin","id":"c18891a8-bb12-40b7-aac8-73e01999af41","timestamp_event":"2026-05-01T12:19:27.421Z"},"6":{"created_at":"2026-05-01T06:47:16.544Z","event_date":"2026-05-01","event_type":"checkout","id":"e8d75704-e8f5-4dd4-b194-b620e5bbd33b","timestamp_event":"2026-05-01T12:17:16.603Z"},"7":{"created_at":"2026-05-01T06:43:02.155Z","event_date":"2026-05-01","event_type":"checkin","id":"f8c3b52f-b452-439b-a0a9-0feb802e0cf0","timestamp_event":"2026-05-01T12:13:02.223Z"},"8":{"created_at":"2026-05-01T06:41:57.457Z","event_date":"2026-05-01","event_type":"checkout","id":"8dc25e35-dc85-495b-868a-4fa00f3fcf84","timestamp_event":"2026-05-01T12:11:57.527Z"},"9":{"created_at":"2026-05-01T06:34:51.983Z","event_date":"2026-05-01","event_type":"checkin","id":"c7aaaf94-4c1e-4f6f-aa10-5b67c138a343","timestamp_event":"2026-05-01T12:04:52.069Z"},"level":"info","message":"data:  18 ","timestamp":"2026-05-02 00:58:03"}
{"label":"database","level":"debug","message":"Executing (a72d48d0-6686-4ab5-b0cc-23ac14e27b1e): START TRANSACTION;","timestamp":"2026-05-02 01:04:23"}
{"androidId":"bedab7c12b344546","email":"santramanoj1997@gmail.com","fingerPrint":"bedab7c12b344546_M2101K6I_12","level":"info","message":"req.body: ","password":"Santra1997","timestamp":"2026-05-02 01:04:23"}
{"label":"database","level":"debug","message":"Executing (a72d48d0-6686-4ab5-b0cc-23ac14e27b1e): SELECT * FROM users WHERE email = 'santramanoj1997@gmail.com' LIMIT 1","timestamp":"2026-05-02 01:04:23"}
{"created_at":"2026-04-29T00:58:05.469Z","email":"santramanoj1997@gmail.com","full_name":"Manoj Santra","id":"9b1debb1-5e18-45f2-9a9b-2873d494a54b","level":"info","message":"user: ","password":"$2b$10$br.FxJE4.dWUmzFYsIrJFO.nc5AIrjRVUGoREiSgfC7bML0KB08W2","role":"employee","timestamp":"2026-05-02 01:04:24"}
{"label":"database","level":"debug","message":"Executing (a72d48d0-6686-4ab5-b0cc-23ac14e27b1e): SELECT * FROM devices WHERE user_id = '9b1debb1-5e18-45f2-9a9b-2873d494a54b' LIMIT 1","timestamp":"2026-05-02 01:04:24"}
{"0":{"android_id":"bedab7c12b344546","created_at":"2026-04-29T00:58:05.469Z","device_model":"M2101K6I","fingerprint":"bedab7c12b344546_M2101K6I_12","id":"79579c67-36a7-42a7-8e39-3a2b8d5d0e65","os_version":"12","user_id":"9b1debb1-5e18-45f2-9a9b-2873d494a54b"},"level":"info","message":"devices: ","timestamp":"2026-05-02 01:04:24"}
{"label":"database","level":"debug","message":"Executing (a72d48d0-6686-4ab5-b0cc-23ac14e27b1e): SELECT\n  id,\n  name,\n  lat,\n  lng,\n  radius,\n  office_address,\n  distance_threshold,\n  time_interval_ms,\n  polling_interval,\n  working_start,\n  working_end,\n  working_days,\n  created_at,\n  updated_at\nFROM office_settings\nLIMIT 1","timestamp":"2026-05-02 01:04:24"}
{"label":"database","level":"debug","message":"Executing (a72d48d0-6686-4ab5-b0cc-23ac14e27b1e): COMMIT;","timestamp":"2026-05-02 01:04:24"}
{"label":"database","level":"debug","message":"Executing (365ed625-7bff-425b-a164-8a310c6cb594): START TRANSACTION;","timestamp":"2026-05-02 01:04:51"}
{"androidId":"bedab7c12b344546","email":"santramanoj1997@gmail.com","fingerPrint":"bedab7c12b344546_M2101K6I_12","level":"info","message":"req.body: ","password":"Santra1998","timestamp":"2026-05-02 01:04:51"}
{"label":"database","level":"debug","message":"Executing (365ed625-7bff-425b-a164-8a310c6cb594): SELECT * FROM users WHERE email = 'santramanoj1997@gmail.com' LIMIT 1","timestamp":"2026-05-02 01:04:51"}
{"created_at":"2026-04-29T00:58:05.469Z","email":"santramanoj1997@gmail.com","full_name":"Manoj Santra","id":"9b1debb1-5e18-45f2-9a9b-2873d494a54b","level":"info","message":"user: ","password":"$2b$10$br.FxJE4.dWUmzFYsIrJFO.nc5AIrjRVUGoREiSgfC7bML0KB08W2","role":"employee","timestamp":"2026-05-02 01:04:51"}
{"level":"info","message":"error: ","timestamp":"2026-05-02 01:04:51"}
{"label":"database","level":"debug","message":"Executing (365ed625-7bff-425b-a164-8a310c6cb594): ROLLBACK;","timestamp":"2026-05-02 01:04:51"}
{"label":"database","level":"debug","message":"Executing (default): SELECT id, full_name, email, role, created_at FROM users WHERE id = '9b1debb1-5e18-45f2-9a9b-2873d494a54b' LIMIT 1","timestamp":"2026-05-02 01:04:51"}
{"label":"database","level":"debug","message":"Executing (16981f08-cfc8-4187-b0f7-195f31634725): START TRANSACTION;","timestamp":"2026-05-02 01:04:51"}
{"androidId":"bedab7c12b344546","email":"santramanoj1997@gmail.com","fingerPrint":"bedab7c12b344546_M2101K6I_12","level":"info","message":"req.body: ","password":"Santra1998","timestamp":"2026-05-02 01:04:51"}
{"label":"database","level":"debug","message":"Executing (16981f08-cfc8-4187-b0f7-195f31634725): SELECT * FROM users WHERE email = 'santramanoj1997@gmail.com' LIMIT 1","timestamp":"2026-05-02 01:04:51"}
{"created_at":"2026-04-29T00:58:05.469Z","email":"santramanoj1997@gmail.com","full_name":"Manoj Santra","id":"9b1debb1-5e18-45f2-9a9b-2873d494a54b","level":"info","message":"user: ","password":"$2b$10$br.FxJE4.dWUmzFYsIrJFO.nc5AIrjRVUGoREiSgfC7bML0KB08W2","role":"employee","timestamp":"2026-05-02 01:04:51"}
{"level":"info","message":"error: ","timestamp":"2026-05-02 01:04:51"}
{"label":"database","level":"debug","message":"Executing (16981f08-cfc8-4187-b0f7-195f31634725): ROLLBACK;","timestamp":"2026-05-02 01:04:51"}
{"label":"database","level":"debug","message":"Executing (5d82b5c3-e5b7-417c-a687-aa511399a102): START TRANSACTION;","timestamp":"2026-05-02 01:05:05"}
{"androidId":"bedab7c12b344546","email":"santramanoj1997@gmail.com","fingerPrint":"bedab7c12b344546_M2101K6I_12","level":"info","message":"req.body: ","password":"Santra199i7","timestamp":"2026-05-02 01:05:05"}
{"label":"database","level":"debug","message":"Executing (5d82b5c3-e5b7-417c-a687-aa511399a102): SELECT * FROM users WHERE email = 'santramanoj1997@gmail.com' LIMIT 1","timestamp":"2026-05-02 01:05:05"}
{"created_at":"2026-04-29T00:58:05.469Z","email":"santramanoj1997@gmail.com","full_name":"Manoj Santra","id":"9b1debb1-5e18-45f2-9a9b-2873d494a54b","level":"info","message":"user: ","password":"$2b$10$br.FxJE4.dWUmzFYsIrJFO.nc5AIrjRVUGoREiSgfC7bML0KB08W2","role":"employee","timestamp":"2026-05-02 01:05:05"}
{"level":"info","message":"error: ","timestamp":"2026-05-02 01:05:05"}
{"label":"database","level":"debug","message":"Executing (5d82b5c3-e5b7-417c-a687-aa511399a102): ROLLBACK;","timestamp":"2026-05-02 01:05:05"}
{"label":"database","level":"debug","message":"Executing (default): SELECT id, full_name, email, role, created_at FROM users WHERE id = '9b1debb1-5e18-45f2-9a9b-2873d494a54b' LIMIT 1","timestamp":"2026-05-02 01:05:05"}
{"label":"database","level":"debug","message":"Executing (ed5437ed-31aa-4df0-a2e7-42c054480201): START TRANSACTION;","timestamp":"2026-05-02 01:05:05"}
{"androidId":"bedab7c12b344546","email":"santramanoj1997@gmail.com","fingerPrint":"bedab7c12b344546_M2101K6I_12","level":"info","message":"req.body: ","password":"Santra199i7","timestamp":"2026-05-02 01:05:05"}
{"label":"database","level":"debug","message":"Executing (ed5437ed-31aa-4df0-a2e7-42c054480201): SELECT * FROM users WHERE email = 'santramanoj1997@gmail.com' LIMIT 1","timestamp":"2026-05-02 01:05:05"}
{"created_at":"2026-04-29T00:58:05.469Z","email":"santramanoj1997@gmail.com","full_name":"Manoj Santra","id":"9b1debb1-5e18-45f2-9a9b-2873d494a54b","level":"info","message":"user: ","password":"$2b$10$br.FxJE4.dWUmzFYsIrJFO.nc5AIrjRVUGoREiSgfC7bML0KB08W2","role":"employee","timestamp":"2026-05-02 01:05:05"}
{"level":"info","message":"error: ","timestamp":"2026-05-02 01:05:05"}
{"label":"database","level":"debug","message":"Executing (ed5437ed-31aa-4df0-a2e7-42c054480201): ROLLBACK;","timestamp":"2026-05-02 01:05:05"}
{"label":"database","level":"debug","message":"Executing (1e6066fd-52f4-425b-87b6-c2d3280a2f32): START TRANSACTION;","timestamp":"2026-05-02 01:10:32"}
{"exp":1777665005,"fullName":"Manoj Santra","iat":1777664105,"level":"info","message":"user: ","role":"employee","timestamp":"2026-05-02 01:10:32","userId":"9b1debb1-5e18-45f2-9a9b-2873d494a54b"}
{"label":"database","level":"debug","message":"Executing (1e6066fd-52f4-425b-87b6-c2d3280a2f32): SELECT\n  id,\n  name,\n  lat,\n  lng,\n  radius,\n  office_address,\n  distance_threshold,\n  time_interval_ms,\n  polling_interval,\n  working_start,\n  working_end,\n  working_days,\n  created_at,\n  updated_at\nFROM office_settings\nLIMIT 1","timestamp":"2026-05-02 01:10:32"}
{"label":"database","level":"debug","message":"Executing (1e6066fd-52f4-425b-87b6-c2d3280a2f32): COMMIT;","timestamp":"2026-05-02 01:10:32"}
{"label":"database","level":"debug","message":"Executing (a24276a1-017b-4213-9742-ff36f46b0523): START TRANSACTION;","timestamp":"2026-05-02 01:10:57"}
{"androidId":"bedab7c12b344546","email":"santramanoj1997@gmail.com","fingerPrint":"bedab7c12b344546_M2101K6I_12","level":"info","message":"req.body: ","password":"Santra1997","timestamp":"2026-05-02 01:10:57"}
{"label":"database","level":"debug","message":"Executing (a24276a1-017b-4213-9742-ff36f46b0523): SELECT * FROM users WHERE email = 'santramanoj1997@gmail.com' LIMIT 1","timestamp":"2026-05-02 01:10:57"}
{"created_at":"2026-04-29T00:58:05.469Z","email":"santramanoj1997@gmail.com","full_name":"Manoj Santra","id":"9b1debb1-5e18-45f2-9a9b-2873d494a54b","level":"info","message":"user: ","password":"$2b$10$br.FxJE4.dWUmzFYsIrJFO.nc5AIrjRVUGoREiSgfC7bML0KB08W2","role":"employee","timestamp":"2026-05-02 01:10:57"}
{"label":"database","level":"debug","message":"Executing (a24276a1-017b-4213-9742-ff36f46b0523): SELECT * FROM devices WHERE user_id = '9b1debb1-5e18-45f2-9a9b-2873d494a54b' LIMIT 1","timestamp":"2026-05-02 01:10:57"}
{"0":{"android_id":"bedab7c12b344546","created_at":"2026-04-29T00:58:05.469Z","device_model":"M2101K6I","fingerprint":"bedab7c12b344546_M2101K6I_12","id":"79579c67-36a7-42a7-8e39-3a2b8d5d0e65","os_version":"12","user_id":"9b1debb1-5e18-45f2-9a9b-2873d494a54b"},"level":"info","message":"devices: ","timestamp":"2026-05-02 01:10:57"}
{"label":"database","level":"debug","message":"Executing (a24276a1-017b-4213-9742-ff36f46b0523): SELECT\n  id,\n  name,\n  lat,\n  lng,\n  radius,\n  office_address,\n  distance_threshold,\n  time_interval_ms,\n  polling_interval,\n  working_start,\n  working_end,\n  working_days,\n  created_at,\n  updated_at\nFROM office_settings\nLIMIT 1","timestamp":"2026-05-02 01:10:57"}
{"label":"database","level":"debug","message":"Executing (a24276a1-017b-4213-9742-ff36f46b0523): COMMIT;","timestamp":"2026-05-02 01:10:57"}
{"label":"database","level":"debug","message":"Executing (2dcd364f-a6e5-49fb-a890-3453869e04b6): START TRANSACTION;","timestamp":"2026-05-02 01:11:02"}
{"androidId":"bedab7c12b344546","email":"santramanoj1997@gmail.com","fingerPrint":"bedab7c12b344546_M2101K6I_12","level":"info","message":"req.body: ","password":"Santra1997","timestamp":"2026-05-02 01:11:02"}
{"label":"database","level":"debug","message":"Executing (2dcd364f-a6e5-49fb-a890-3453869e04b6): SELECT * FROM users WHERE email = 'santramanoj1997@gmail.com' LIMIT 1","timestamp":"2026-05-02 01:11:02"}
{"created_at":"2026-04-29T00:58:05.469Z","email":"santramanoj1997@gmail.com","full_name":"Manoj Santra","id":"9b1debb1-5e18-45f2-9a9b-2873d494a54b","level":"info","message":"user: ","password":"$2b$10$br.FxJE4.dWUmzFYsIrJFO.nc5AIrjRVUGoREiSgfC7bML0KB08W2","role":"employee","timestamp":"2026-05-02 01:11:02"}
{"label":"database","level":"debug","message":"Executing (2dcd364f-a6e5-49fb-a890-3453869e04b6): SELECT * FROM devices WHERE user_id = '9b1debb1-5e18-45f2-9a9b-2873d494a54b' LIMIT 1","timestamp":"2026-05-02 01:11:02"}
{"0":{"android_id":"bedab7c12b344546","created_at":"2026-04-29T00:58:05.469Z","device_model":"M2101K6I","fingerprint":"bedab7c12b344546_M2101K6I_12","id":"79579c67-36a7-42a7-8e39-3a2b8d5d0e65","os_version":"12","user_id":"9b1debb1-5e18-45f2-9a9b-2873d494a54b"},"level":"info","message":"devices: ","timestamp":"2026-05-02 01:11:02"}
{"label":"database","level":"debug","message":"Executing (2dcd364f-a6e5-49fb-a890-3453869e04b6): SELECT\n  id,\n  name,\n  lat,\n  lng,\n  radius,\n  office_address,\n  distance_threshold,\n  time_interval_ms,\n  polling_interval,\n  working_start,\n  working_end,\n  working_days,\n  created_at,\n  updated_at\nFROM office_settings\nLIMIT 1","timestamp":"2026-05-02 01:11:02"}
{"label":"database","level":"debug","message":"Executing (2dcd364f-a6e5-49fb-a890-3453869e04b6): COMMIT;","timestamp":"2026-05-02 01:11:02"}
{"label":"database","level":"debug","message":"Executing (69e48765-ca54-42fa-a481-5c2edabf03d2): START TRANSACTION;","timestamp":"2026-05-02 01:11:57"}
{"exp":1777665362,"fullName":"Manoj Santra","iat":1777664462,"level":"info","message":"user: ","role":"employee","timestamp":"2026-05-02 01:11:57","userId":"9b1debb1-5e18-45f2-9a9b-2873d494a54b"}
{"label":"database","level":"debug","message":"Executing (69e48765-ca54-42fa-a481-5c2edabf03d2): SELECT\n  id,\n  name,\n  lat,\n  lng,\n  radius,\n  office_address,\n  distance_threshold,\n  time_interval_ms,\n  polling_interval,\n  working_start,\n  working_end,\n  working_days,\n  created_at,\n  updated_at\nFROM office_settings\nLIMIT 1","timestamp":"2026-05-02 01:11:57"}
{"label":"database","level":"debug","message":"Executing (69e48765-ca54-42fa-a481-5c2edabf03d2): COMMIT;","timestamp":"2026-05-02 01:11:58"}
{"label":"database","level":"debug","message":"Executing (c0889d95-4169-42cc-a406-3339cbda9dfd): START TRANSACTION;","timestamp":"2026-05-02 01:12:00"}
{"androidId":"bedab7c12b344546","email":"santramanoj1997@gmail.com","fingerPrint":"bedab7c12b344546_M2101K6I_12","level":"info","message":"req.body: ","password":"Santra1997","timestamp":"2026-05-02 01:12:00"}
{"label":"database","level":"debug","message":"Executing (c0889d95-4169-42cc-a406-3339cbda9dfd): SELECT * FROM users WHERE email = 'santramanoj1997@gmail.com' LIMIT 1","timestamp":"2026-05-02 01:12:00"}
{"created_at":"2026-04-29T00:58:05.469Z","email":"santramanoj1997@gmail.com","full_name":"Manoj Santra","id":"9b1debb1-5e18-45f2-9a9b-2873d494a54b","level":"info","message":"user: ","password":"$2b$10$br.FxJE4.dWUmzFYsIrJFO.nc5AIrjRVUGoREiSgfC7bML0KB08W2","role":"employee","timestamp":"2026-05-02 01:12:00"}
{"label":"database","level":"debug","message":"Executing (c0889d95-4169-42cc-a406-3339cbda9dfd): SELECT * FROM devices WHERE user_id = '9b1debb1-5e18-45f2-9a9b-2873d494a54b' LIMIT 1","timestamp":"2026-05-02 01:12:00"}
{"0":{"android_id":"bedab7c12b344546","created_at":"2026-04-29T00:58:05.469Z","device_model":"M2101K6I","fingerprint":"bedab7c12b344546_M2101K6I_12","id":"79579c67-36a7-42a7-8e39-3a2b8d5d0e65","os_version":"12","user_id":"9b1debb1-5e18-45f2-9a9b-2873d494a54b"},"level":"info","message":"devices: ","timestamp":"2026-05-02 01:12:00"}
{"label":"database","level":"debug","message":"Executing (c0889d95-4169-42cc-a406-3339cbda9dfd): SELECT\n  id,\n  name,\n  lat,\n  lng,\n  radius,\n  office_address,\n  distance_threshold,\n  time_interval_ms,\n  polling_interval,\n  working_start,\n  working_end,\n  working_days,\n  created_at,\n  updated_at\nFROM office_settings\nLIMIT 1","timestamp":"2026-05-02 01:12:00"}
{"label":"database","level":"debug","message":"Executing (c0889d95-4169-42cc-a406-3339cbda9dfd): COMMIT;","timestamp":"2026-05-02 01:12:00"}
{"label":"database","level":"debug","message":"Executing (default): SELECT id, event_type, timestamp_event, created_at\n        FROM attendance\n        WHERE user_id = '9b1debb1-5e18-45f2-9a9b-2873d494a54b'  AND   event_date = (CURRENT_TIMESTAMP AT TIME ZONE 'Asia/Kolkata')::date\n        ORDER BY timestamp_event ASC","timestamp":"2026-05-02 01:12:01"}
{"label":"database","level":"debug","message":"Executing (default): SELECT id, event_type, timestamp_event, created_at\n        FROM attendance\n        WHERE user_id = '9b1debb1-5e18-45f2-9a9b-2873d494a54b'  AND   event_date = (CURRENT_TIMESTAMP AT TIME ZONE 'Asia/Kolkata')::date\n        ORDER BY timestamp_event ASC","timestamp":"2026-05-02 01:13:04"}
{"level":"info","message":{"limit":20,"page":1,"userId":"9b1debb1-5e18-45f2-9a9b-2873d494a54b"},"timestamp":"2026-05-02 01:13:05"}
{"label":"database","level":"debug","message":"Executing (default): SELECT id, event_date, event_type, timestamp_event, created_at\n        FROM attendance\n        WHERE user_id = '9b1debb1-5e18-45f2-9a9b-2873d494a54b'\n        ORDER BY event_date DESC, timestamp_event DESC\n        LIMIT 20 OFFSET 0","timestamp":"2026-05-02 01:13:05"}
{"0":{"created_at":"2026-05-01T10:04:04.197Z","event_date":"2026-05-01","event_type":"checkout","id":"c77867b6-9fba-4f46-8430-8ed208db0731","timestamp_event":"2026-05-01T15:34:04.059Z"},"1":{"created_at":"2026-05-01T06:58:55.690Z","event_date":"2026-05-01","event_type":"checkin","id":"10d13587-9c27-42d7-a501-cd701924dec9","timestamp_event":"2026-05-01T12:28:55.725Z"},"10":{"created_at":"2026-05-01T06:34:20.767Z","event_date":"2026-05-01","event_type":"checkout","id":"0b1ad772-6d2e-4a50-ac56-684fc08b5425","timestamp_event":"2026-05-01T12:04:20.857Z"},"11":{"created_at":"2026-05-01T06:34:18.125Z","event_date":"2026-05-01","event_type":"checkin","id":"c18877cb-3fdf-4b93-81d5-6e5f718d1a65","timestamp_event":"2026-05-01T12:04:18.215Z"},"12":{"created_at":"2026-05-01T06:34:16.881Z","event_date":"2026-05-01","event_type":"checkout","id":"45128428-0ea9-4907-bc0d-95e73b5141b1","timestamp_event":"2026-05-01T12:04:16.971Z"},"13":{"created_at":"2026-05-01T06:34:15.111Z","event_date":"2026-05-01","event_type":"checkin","id":"2db59566-c7ff-4765-91cc-74a682a2397f","timestamp_event":"2026-05-01T12:04:15.201Z"},"14":{"created_at":"2026-05-01T06:34:14.678Z","event_date":"2026-05-01","event_type":"checkout","id":"c721c3a5-f02a-4ca4-9985-16cbd80d6bf5","timestamp_event":"2026-05-01T12:04:14.768Z"},"15":{"created_at":"2026-05-01T06:34:13.473Z","event_date":"2026-05-01","event_type":"checkin","id":"02c585be-5545-43cc-9154-bc0ef8894929","timestamp_event":"2026-05-01T12:04:13.563Z"},"16":{"created_at":"2026-05-01T06:34:12.508Z","event_date":"2026-05-01","event_type":"checkout","id":"926e2433-bef4-4bad-b3ff-bc6d3da92489","timestamp_event":"2026-05-01T12:04:12.598Z"},"17":{"created_at":"2026-05-01T05:44:01.451Z","event_date":"2026-05-01","event_type":"checkin","id":"69611c6e-fd30-4d6a-bfa2-92af1eddce5e","timestamp_event":"2026-05-01T11:14:01.695Z"},"2":{"created_at":"2026-05-01T06:57:50.122Z","event_date":"2026-05-01","event_type":"checkout","id":"acfaad9a-cfe3-4b66-9beb-2890a0a53996","timestamp_event":"2026-05-01T12:27:50.159Z"},"3":{"created_at":"2026-05-01T06:57:17.154Z","event_date":"2026-05-01","event_type":"checkin","id":"4534500e-cd83-4e35-8057-f6af49a97d6f","timestamp_event":"2026-05-01T12:27:17.193Z"},"4":{"created_at":"2026-05-01T06:50:32.891Z","event_date":"2026-05-01","event_type":"checkout","id":"d9028b78-c848-458f-b017-051a5c3478b7","timestamp_event":"2026-05-01T12:20:32.943Z"},"5":{"created_at":"2026-05-01T06:49:27.357Z","event_date":"2026-05-01","event_type":"checkin","id":"c18891a8-bb12-40b7-aac8-73e01999af41","timestamp_event":"2026-05-01T12:19:27.421Z"},"6":{"created_at":"2026-05-01T06:47:16.544Z","event_date":"2026-05-01","event_type":"checkout","id":"e8d75704-e8f5-4dd4-b194-b620e5bbd33b","timestamp_event":"2026-05-01T12:17:16.603Z"},"7":{"created_at":"2026-05-01T06:43:02.155Z","event_date":"2026-05-01","event_type":"checkin","id":"f8c3b52f-b452-439b-a0a9-0feb802e0cf0","timestamp_event":"2026-05-01T12:13:02.223Z"},"8":{"created_at":"2026-05-01T06:41:57.457Z","event_date":"2026-05-01","event_type":"checkout","id":"8dc25e35-dc85-495b-868a-4fa00f3fcf84","timestamp_event":"2026-05-01T12:11:57.527Z"},"9":{"created_at":"2026-05-01T06:34:51.983Z","event_date":"2026-05-01","event_type":"checkin","id":"c7aaaf94-4c1e-4f6f-aa10-5b67c138a343","timestamp_event":"2026-05-01T12:04:52.069Z"},"level":"info","message":"data:  18 ","timestamp":"2026-05-02 01:13:05"}
{"label":"database","level":"debug","message":"Executing (default): SELECT id, event_type, timestamp_event, created_at\n        FROM attendance\n        WHERE user_id = '9b1debb1-5e18-45f2-9a9b-2873d494a54b'  AND   event_date = (CURRENT_TIMESTAMP AT TIME ZONE 'Asia/Kolkata')::date\n        ORDER BY timestamp_event ASC","timestamp":"2026-05-02 01:13:08"}
{"level":"info","message":{"limit":20,"page":1,"userId":"9b1debb1-5e18-45f2-9a9b-2873d494a54b"},"timestamp":"2026-05-02 01:13:09"}
{"label":"database","level":"debug","message":"Executing (default): SELECT id, event_date, event_type, timestamp_event, created_at\n        FROM attendance\n        WHERE user_id = '9b1debb1-5e18-45f2-9a9b-2873d494a54b'\n        ORDER BY event_date DESC, timestamp_event DESC\n        LIMIT 20 OFFSET 0","timestamp":"2026-05-02 01:13:09"}
{"0":{"created_at":"2026-05-01T10:04:04.197Z","event_date":"2026-05-01","event_type":"checkout","id":"c77867b6-9fba-4f46-8430-8ed208db0731","timestamp_event":"2026-05-01T15:34:04.059Z"},"1":{"created_at":"2026-05-01T06:58:55.690Z","event_date":"2026-05-01","event_type":"checkin","id":"10d13587-9c27-42d7-a501-cd701924dec9","timestamp_event":"2026-05-01T12:28:55.725Z"},"10":{"created_at":"2026-05-01T06:34:20.767Z","event_date":"2026-05-01","event_type":"checkout","id":"0b1ad772-6d2e-4a50-ac56-684fc08b5425","timestamp_event":"2026-05-01T12:04:20.857Z"},"11":{"created_at":"2026-05-01T06:34:18.125Z","event_date":"2026-05-01","event_type":"checkin","id":"c18877cb-3fdf-4b93-81d5-6e5f718d1a65","timestamp_event":"2026-05-01T12:04:18.215Z"},"12":{"created_at":"2026-05-01T06:34:16.881Z","event_date":"2026-05-01","event_type":"checkout","id":"45128428-0ea9-4907-bc0d-95e73b5141b1","timestamp_event":"2026-05-01T12:04:16.971Z"},"13":{"created_at":"2026-05-01T06:34:15.111Z","event_date":"2026-05-01","event_type":"checkin","id":"2db59566-c7ff-4765-91cc-74a682a2397f","timestamp_event":"2026-05-01T12:04:15.201Z"},"14":{"created_at":"2026-05-01T06:34:14.678Z","event_date":"2026-05-01","event_type":"checkout","id":"c721c3a5-f02a-4ca4-9985-16cbd80d6bf5","timestamp_event":"2026-05-01T12:04:14.768Z"},"15":{"created_at":"2026-05-01T06:34:13.473Z","event_date":"2026-05-01","event_type":"checkin","id":"02c585be-5545-43cc-9154-bc0ef8894929","timestamp_event":"2026-05-01T12:04:13.563Z"},"16":{"created_at":"2026-05-01T06:34:12.508Z","event_date":"2026-05-01","event_type":"checkout","id":"926e2433-bef4-4bad-b3ff-bc6d3da92489","timestamp_event":"2026-05-01T12:04:12.598Z"},"17":{"created_at":"2026-05-01T05:44:01.451Z","event_date":"2026-05-01","event_type":"checkin","id":"69611c6e-fd30-4d6a-bfa2-92af1eddce5e","timestamp_event":"2026-05-01T11:14:01.695Z"},"2":{"created_at":"2026-05-01T06:57:50.122Z","event_date":"2026-05-01","event_type":"checkout","id":"acfaad9a-cfe3-4b66-9beb-2890a0a53996","timestamp_event":"2026-05-01T12:27:50.159Z"},"3":{"created_at":"2026-05-01T06:57:17.154Z","event_date":"2026-05-01","event_type":"checkin","id":"4534500e-cd83-4e35-8057-f6af49a97d6f","timestamp_event":"2026-05-01T12:27:17.193Z"},"4":{"created_at":"2026-05-01T06:50:32.891Z","event_date":"2026-05-01","event_type":"checkout","id":"d9028b78-c848-458f-b017-051a5c3478b7","timestamp_event":"2026-05-01T12:20:32.943Z"},"5":{"created_at":"2026-05-01T06:49:27.357Z","event_date":"2026-05-01","event_type":"checkin","id":"c18891a8-bb12-40b7-aac8-73e01999af41","timestamp_event":"2026-05-01T12:19:27.421Z"},"6":{"created_at":"2026-05-01T06:47:16.544Z","event_date":"2026-05-01","event_type":"checkout","id":"e8d75704-e8f5-4dd4-b194-b620e5bbd33b","timestamp_event":"2026-05-01T12:17:16.603Z"},"7":{"created_at":"2026-05-01T06:43:02.155Z","event_date":"2026-05-01","event_type":"checkin","id":"f8c3b52f-b452-439b-a0a9-0feb802e0cf0","timestamp_event":"2026-05-01T12:13:02.223Z"},"8":{"created_at":"2026-05-01T06:41:57.457Z","event_date":"2026-05-01","event_type":"checkout","id":"8dc25e35-dc85-495b-868a-4fa00f3fcf84","timestamp_event":"2026-05-01T12:11:57.527Z"},"9":{"created_at":"2026-05-01T06:34:51.983Z","event_date":"2026-05-01","event_type":"checkin","id":"c7aaaf94-4c1e-4f6f-aa10-5b67c138a343","timestamp_event":"2026-05-01T12:04:52.069Z"},"level":"info","message":"data:  18 ","timestamp":"2026-05-02 01:13:09"}
{"label":"database","level":"debug","message":"Executing (default): SELECT id, event_type, timestamp_event, created_at\n        FROM attendance\n        WHERE user_id = '9b1debb1-5e18-45f2-9a9b-2873d494a54b'  AND   event_date = (CURRENT_TIMESTAMP AT TIME ZONE 'Asia/Kolkata')::date\n        ORDER BY timestamp_event ASC","timestamp":"2026-05-02 01:13:12"}
{"level":"info","message":"🚀 Server running \ton port: 5000","timestamp":"2026-05-02 01:19:52"}
{"level":"info","message":"Redis connected","timestamp":"2026-05-02 01:19:52"}
{"label":"database","level":"debug","message":"Executing (default): SELECT 1+1 AS result","timestamp":"2026-05-02 01:19:52"}
{"level":"info","message":"✅ PostgreSQL connected","timestamp":"2026-05-02 01:19:52"}
{"level":"info","message":"🚀 Server running \ton port: 5000","timestamp":"2026-05-02 01:20:52"}
{"level":"info","message":"Redis connected","timestamp":"2026-05-02 01:20:52"}
{"label":"database","level":"debug","message":"Executing (default): SELECT 1+1 AS result","timestamp":"2026-05-02 01:20:52"}
{"level":"info","message":"✅ PostgreSQL connected","timestamp":"2026-05-02 01:20:52"}
{"label":"database","level":"debug","message":"Executing (default): SELECT\n  id,\n  name,\n  lat,\n  lng,\n  radius,\n  office_address,\n  distance_threshold,\n  time_interval_ms,\n  polling_interval,\n  working_start,\n  working_end,\n  working_days,\n  created_at,\n  updated_at\nFROM office_settings\nLIMIT 1","timestamp":"2026-05-02 01:20:52"}
{"level":"info","message":"✅ Office config cached in Redis","timestamp":"2026-05-02 01:20:52"}
{"level":"info","message":"🚀 Server running \ton port:5000","timestamp":"2026-05-02 01:21:07"}
{"level":"info","message":"Redis connected","timestamp":"2026-05-02 01:21:07"}
{"label":"database","level":"debug","message":"Executing (default): SELECT 1+1 AS result","timestamp":"2026-05-02 01:21:07"}
{"level":"info","message":"✅ PostgreSQL connected","timestamp":"2026-05-02 01:21:07"}
{"label":"database","level":"debug","message":"Executing (default): SELECT\n  id,\n  name,\n  lat,\n  lng,\n  radius,\n  office_address,\n  distance_threshold,\n  time_interval_ms,\n  polling_interval,\n  working_start,\n  working_end,\n  working_days,\n  created_at,\n  updated_at\nFROM office_settings\nLIMIT 1","timestamp":"2026-05-02 01:21:07"}
{"level":"info","message":"✅ Office config cached in Redis","timestamp":"2026-05-02 01:21:07"}
{"level":"info","message":"🚀 Server running \ton port:5000","timestamp":"2026-05-02 01:27:55"}
{"level":"info","message":"Redis connected","timestamp":"2026-05-02 01:27:55"}
{"label":"database","level":"debug","message":"Executing (default): SELECT 1+1 AS result","timestamp":"2026-05-02 01:27:55"}
{"level":"info","message":"✅ PostgreSQL connected","timestamp":"2026-05-02 01:27:55"}
{"level":"error","message":"❌ Failed to cache office config: Office configuration not found","stack":"Error: Office configuration not found\n    at Function.getConfig (C:\\Users\\santr\\attendSphere\\src\\http\\services\\officeSettings.service.ts:33:10)\n    at processTicksAndRejections (node:internal/process/task_queues:105:5)\n    at async Function.loadOfficeConfigToCache (C:\\Users\\santr\\attendSphere\\src\\utils\\index.ts:12:19)","status":400,"timestamp":"2026-05-02 01:27:55"}
{"level":"info","message":"🚀 Server running \ton port:5000","timestamp":"2026-05-02 01:28:00"}
{"level":"info","message":"Redis connected","timestamp":"2026-05-02 01:28:00"}
{"label":"database","level":"debug","message":"Executing (default): SELECT 1+1 AS result","timestamp":"2026-05-02 01:28:00"}
{"level":"info","message":"✅ PostgreSQL connected","timestamp":"2026-05-02 01:28:00"}
{"level":"error","message":"❌ Failed to cache office config: Office configuration not found","stack":"Error: Office configuration not found\n    at Function.getConfig (C:\\Users\\santr\\attendSphere\\src\\http\\services\\officeSettings.service.ts:33:10)\n    at processTicksAndRejections (node:internal/process/task_queues:105:5)\n    at async Function.loadOfficeConfigToCache (C:\\Users\\santr\\attendSphere\\src\\utils\\index.ts:12:19)","status":400,"timestamp":"2026-05-02 01:28:00"}
{"level":"info","message":"🚀 Server running \ton port:5000","timestamp":"2026-05-02 01:29:33"}
{"level":"info","message":"Redis connected","timestamp":"2026-05-02 01:29:33"}
{"label":"database","level":"debug","message":"Executing (default): SELECT 1+1 AS result","timestamp":"2026-05-02 01:29:34"}
{"level":"info","message":"✅ PostgreSQL connected","timestamp":"2026-05-02 01:29:34"}
{"level":"error","message":"❌ Failed to cache office config: Office configuration not found","stack":"Error: Office configuration not found\n    at Function.getConfig (C:\\Users\\santr\\attendSphere\\src\\http\\services\\officeSettings.service.ts:33:10)\n    at processTicksAndRejections (node:internal/process/task_queues:105:5)\n    at async Function.loadOfficeConfigToCache (C:\\Users\\santr\\attendSphere\\src\\utils\\index.ts:12:19)","status":400,"timestamp":"2026-05-02 01:29:34"}
{"level":"info","message":"🚀 Server running \ton port:5000","timestamp":"2026-05-02 01:30:13"}
{"level":"info","message":"Redis connected","timestamp":"2026-05-02 01:30:13"}
{"label":"database","level":"debug","message":"Executing (default): SELECT 1+1 AS result","timestamp":"2026-05-02 01:30:13"}
{"level":"info","message":"✅ PostgreSQL connected","timestamp":"2026-05-02 01:30:13"}
{"level":"error","message":"❌ Failed to cache office config: Office configuration not found","stack":"Error: Office configuration not found\n    at Function.getConfig (C:\\Users\\santr\\attendSphere\\src\\http\\services\\officeSettings.service.ts:33:10)\n    at processTicksAndRejections (node:internal/process/task_queues:105:5)\n    at async Function.loadOfficeConfigToCache (C:\\Users\\santr\\attendSphere\\src\\utils\\index.ts:12:19)","status":400,"timestamp":"2026-05-02 01:30:13"}
{"level":"info","message":"🚀 Server running \ton port:5000","timestamp":"2026-05-02 01:31:33"}
{"level":"info","message":"Redis connected","timestamp":"2026-05-02 01:31:33"}
{"label":"database","level":"debug","message":"Executing (default): SELECT 1+1 AS result","timestamp":"2026-05-02 01:31:34"}
{"level":"info","message":"✅ PostgreSQL connected","timestamp":"2026-05-02 01:31:34"}
{"level":"error","message":"❌ Failed to cache office config: Office configuration not found","stack":"Error: Office configuration not found\n    at Function.getConfig (C:\\Users\\santr\\attendSphere\\src\\http\\services\\officeSettings.service.ts:33:10)\n    at processTicksAndRejections (node:internal/process/task_queues:105:5)\n    at async Function.loadOfficeConfigToCache (C:\\Users\\santr\\attendSphere\\src\\utils\\index.ts:10:4)","status":400,"timestamp":"2026-05-02 01:31:34"}
{"level":"info","message":"Redis connected","timestamp":"2026-05-02 01:35:55"}
{"level":"info","message":"Redis connected","timestamp":"2026-05-02 01:37:22"}
{"level":"info","message":"Redis connected","timestamp":"2026-05-02 01:38:42"}
{"level":"info","message":"🚀 Server running \ton port:5000","timestamp":"2026-05-02 01:40:58"}
{"level":"info","message":"Redis connected","timestamp":"2026-05-02 01:40:58"}
{"label":"database","level":"debug","message":"Executing (default): SELECT 1+1 AS result","timestamp":"2026-05-02 01:40:58"}
{"level":"info","message":"✅ PostgreSQL connected","timestamp":"2026-05-02 01:40:58"}
{"level":"error","message":"❌ Failed to cache office config: Office configuration not found","stack":"Error: Office configuration not found\n    at Function.getConfig (C:\\Users\\santr\\attendSphere\\src\\http\\services\\officeSettings.service.ts:33:10)\n    at processTicksAndRejections (node:internal/process/task_queues:105:5)\n    at async Function.loadOfficeConfigToCache (C:\\Users\\santr\\attendSphere\\src\\utils\\index.ts:10:4)","status":400,"timestamp":"2026-05-02 01:40:58"}
{"level":"info","message":"🚀 Server running \ton port:5000","timestamp":"2026-05-02 01:41:46"}
{"level":"info","message":"Redis connected","timestamp":"2026-05-02 01:41:46"}
{"label":"database","level":"debug","message":"Executing (default): SELECT 1+1 AS result","timestamp":"2026-05-02 01:41:47"}
{"level":"info","message":"✅ PostgreSQL connected","timestamp":"2026-05-02 01:41:47"}
{"level":"error","message":"❌ Failed to cache office config: Office configuration not found","stack":"Error: Office configuration not found\n    at Function.getConfig (C:\\Users\\santr\\attendSphere\\src\\http\\services\\officeSettings.service.ts:33:10)\n    at processTicksAndRejections (node:internal/process/task_queues:105:5)\n    at async Function.loadOfficeConfigToCache (C:\\Users\\santr\\attendSphere\\src\\utils\\index.ts:10:4)","status":400,"timestamp":"2026-05-02 01:41:47"}
{"level":"info","message":"🚀 Server running \ton port:5000","timestamp":"2026-05-02 01:42:55"}
{"level":"info","message":"Redis connected","timestamp":"2026-05-02 01:42:55"}
{"label":"database","level":"debug","message":"Executing (default): SELECT 1+1 AS result","timestamp":"2026-05-02 01:42:56"}
{"level":"info","message":"✅ PostgreSQL connected","timestamp":"2026-05-02 01:42:56"}
{"level":"error","message":"❌ Failed to cache office config: Office configuration not found","stack":"Error: Office configuration not found\n    at Function.getConfig (C:\\Users\\santr\\attendSphere\\src\\http\\services\\officeSettings.service.ts:33:10)\n    at processTicksAndRejections (node:internal/process/task_queues:105:5)\n    at async Function.loadOfficeConfigToCache (C:\\Users\\santr\\attendSphere\\src\\utils\\index.ts:10:4)","status":400,"timestamp":"2026-05-02 01:42:56"}
{"level":"info","message":"🚀 Server running \ton port:5000","timestamp":"2026-05-02 01:46:28"}
{"level":"info","message":"Redis connected","timestamp":"2026-05-02 01:46:28"}
{"label":"database","level":"debug","message":"Executing (default): SELECT 1+1 AS result","timestamp":"2026-05-02 01:46:28"}
{"level":"info","message":"✅ PostgreSQL connected","timestamp":"2026-05-02 01:46:28"}
{"level":"info","message":"✅ Office config cached in Redis","timestamp":"2026-05-02 01:46:28"}
{"WORKING_HOURS":{"days":[]},"level":"info","message":"officeConfig: ","timestamp":"2026-05-02 01:46:28"}
{"level":"info","message":"🚀 Server running \ton port:5000","timestamp":"2026-05-02 01:48:04"}
{"level":"info","message":"Redis connected","timestamp":"2026-05-02 01:48:04"}
{"label":"database","level":"debug","message":"Executing (default): SELECT 1+1 AS result","timestamp":"2026-05-02 01:48:05"}
{"level":"info","message":"✅ PostgreSQL connected","timestamp":"2026-05-02 01:48:05"}
{"level":"info","message":"✅ Office config cached in Redis","timestamp":"2026-05-02 01:48:05"}
{"WORKING_HOURS":{"days":[]},"level":"info","message":"officeConfig: ","timestamp":"2026-05-02 01:48:05"}
{"level":"info","message":"🚀 Server running \ton port:5000","timestamp":"2026-05-02 01:48:41"}
{"level":"info","message":"Redis connected","timestamp":"2026-05-02 01:48:41"}
{"label":"database","level":"debug","message":"Executing (default): SELECT 1+1 AS result","timestamp":"2026-05-02 01:48:42"}
{"level":"info","message":"✅ PostgreSQL connected","timestamp":"2026-05-02 01:48:42"}
{"level":"info","message":"✅ Office config cached in Redis","timestamp":"2026-05-02 01:48:42"}
