{"level":"info","message":"🚀 Server running \ton port:5000","timestamp":"2026-05-06 00:15:21"}
{"level":"info","message":"Redis connected","timestamp":"2026-05-06 00:15:21"}
{"label":"database","level":"debug","message":"Executing (default): SELECT 1+1 AS result","timestamp":"2026-05-06 00:15:21"}
{"level":"info","message":"✅ PostgreSQL connected","timestamp":"2026-05-06 00:15:22"}
{"0":{"created_at":"2026-05-01T07:46:41.829Z","distance_threshold":500,"id":"a2d63def-e363-45d4-969e-8866cb4fa6d0","lat":22.7793,"lng":88.25524,"name":"AttendSphere HQ","office_address":"AttendSphere HQ Address","polling_interval":30000,"radius":101,"time_interval_ms":900000,"updated_at":"2026-05-03T05:14:25.633Z","working_days":[2,3,4,5,1,6,0],"working_end":22,"working_start":8},"level":"info","message":"result: ","timestamp":"2026-05-06 00:15:22"}
{"created_at":"2026-05-01T07:46:41.829Z","distance_threshold":500,"id":"a2d63def-e363-45d4-969e-8866cb4fa6d0","lat":22.7793,"level":"info","lng":88.25524,"message":"office >>> ","name":"AttendSphere HQ","office_address":"AttendSphere HQ Address","polling_interval":30000,"radius":101,"time_interval_ms":900000,"timestamp":"2026-05-06 00:15:22","updated_at":"2026-05-03T05:14:25.633Z","working_days":[2,3,4,5,1,6,0],"working_end":22,"working_start":8}
{"level":"info","message":"✅ Office config cached in Redis","timestamp":"2026-05-06 00:15:22"}
{"level":"info","message":"🚀 Server running \ton port:5000","timestamp":"2026-05-06 00:16:25"}
{"level":"info","message":"Redis connected","timestamp":"2026-05-06 00:16:25"}
{"label":"database","level":"debug","message":"Executing (default): SELECT 1+1 AS result","timestamp":"2026-05-06 00:16:26"}
{"level":"info","message":"✅ PostgreSQL connected","timestamp":"2026-05-06 00:16:26"}
{"0":{"created_at":"2026-05-01T07:46:41.829Z","distance_threshold":500,"id":"a2d63def-e363-45d4-969e-8866cb4fa6d0","lat":22.7793,"lng":88.25524,"name":"AttendSphere HQ","office_address":"AttendSphere HQ Address","polling_interval":30000,"radius":101,"time_interval_ms":900000,"updated_at":"2026-05-03T05:14:25.633Z","working_days":[2,3,4,5,1,6,0],"working_end":22,"working_start":8},"level":"info","message":"result: ","timestamp":"2026-05-06 00:16:26"}
{"created_at":"2026-05-01T07:46:41.829Z","distance_threshold":500,"id":"a2d63def-e363-45d4-969e-8866cb4fa6d0","lat":22.7793,"level":"info","lng":88.25524,"message":"office >>> ","name":"AttendSphere HQ","office_address":"AttendSphere HQ Address","polling_interval":30000,"radius":101,"time_interval_ms":900000,"timestamp":"2026-05-06 00:16:26","updated_at":"2026-05-03T05:14:25.633Z","working_days":[2,3,4,5,1,6,0],"working_end":22,"working_start":8}
{"level":"info","message":"✅ Office config cached in Redis","timestamp":"2026-05-06 00:16:26"}
{"level":"info","message":"🚀 Server running \ton port:5000","timestamp":"2026-05-06 00:16:51"}
{"level":"info","message":"Redis connected","timestamp":"2026-05-06 00:16:51"}
{"label":"database","level":"debug","message":"Executing (default): SELECT 1+1 AS result","timestamp":"2026-05-06 00:16:52"}
{"level":"info","message":"✅ PostgreSQL connected","timestamp":"2026-05-06 00:16:52"}
{"0":{"created_at":"2026-05-01T07:46:41.829Z","distance_threshold":500,"id":"a2d63def-e363-45d4-969e-8866cb4fa6d0","lat":22.7793,"lng":88.25524,"name":"AttendSphere HQ","office_address":"AttendSphere HQ Address","polling_interval":30000,"radius":101,"time_interval_ms":900000,"updated_at":"2026-05-03T05:14:25.633Z","working_days":[2,3,4,5,1,6,0],"working_end":22,"working_start":8},"level":"info","message":"result: ","timestamp":"2026-05-06 00:16:52"}
{"created_at":"2026-05-01T07:46:41.829Z","distance_threshold":500,"id":"a2d63def-e363-45d4-969e-8866cb4fa6d0","lat":22.7793,"level":"info","lng":88.25524,"message":"office >>> ","name":"AttendSphere HQ","office_address":"AttendSphere HQ Address","polling_interval":30000,"radius":101,"time_interval_ms":900000,"timestamp":"2026-05-06 00:16:52","updated_at":"2026-05-03T05:14:25.633Z","working_days":[2,3,4,5,1,6,0],"working_end":22,"working_start":8}
{"level":"info","message":"✅ Office config cached in Redis","timestamp":"2026-05-06 00:16:52"}
